Component: ARM Compiler 5.06 update 6 (build 750) Tool: armlink [4d35ed]

==============================================================================

Section Cross References

    startup_stm32f103xb.o(STACK) refers (Special) to heapauxi.o(.text) for __use_two_region_memory
    startup_stm32f103xb.o(HEAP) refers (Special) to heapauxi.o(.text) for __use_two_region_memory
    startup_stm32f103xb.o(RESET) refers (Special) to heapauxi.o(.text) for __use_two_region_memory
    startup_stm32f103xb.o(RESET) refers to startup_stm32f103xb.o(STACK) for __initial_sp
    startup_stm32f103xb.o(RESET) refers to startup_stm32f103xb.o(.text) for Reset_Handler
    startup_stm32f103xb.o(RESET) refers to stm32f1xx_it.o(i.NMI_Handler) for NMI_Handler
    startup_stm32f103xb.o(RESET) refers to stm32f1xx_it.o(i.HardFault_Handler) for HardFault_Handler
    startup_stm32f103xb.o(RESET) refers to stm32f1xx_it.o(i.MemManage_Handler) for MemManage_Handler
    startup_stm32f103xb.o(RESET) refers to stm32f1xx_it.o(i.BusFault_Handler) for BusFault_Handler
    startup_stm32f103xb.o(RESET) refers to stm32f1xx_it.o(i.UsageFault_Handler) for UsageFault_Handler
    startup_stm32f103xb.o(RESET) refers to stm32f1xx_it.o(i.SVC_Handler) for SVC_Handler
    startup_stm32f103xb.o(RESET) refers to stm32f1xx_it.o(i.DebugMon_Handler) for DebugMon_Handler
    startup_stm32f103xb.o(RESET) refers to stm32f1xx_it.o(i.PendSV_Handler) for PendSV_Handler
    startup_stm32f103xb.o(RESET) refers to stm32f1xx_it.o(i.SysTick_Handler) for SysTick_Handler
    startup_stm32f103xb.o(RESET) refers to stm32f1xx_it.o(i.USART1_IRQHandler) for USART1_IRQHandler
    startup_stm32f103xb.o(.text) refers (Special) to heapauxi.o(.text) for __use_two_region_memory
    startup_stm32f103xb.o(.text) refers to system_stm32f1xx.o(i.SystemInit) for SystemInit
    startup_stm32f103xb.o(.text) refers to __main.o(!!!main) for __main
    startup_stm32f103xb.o(.text) refers to startup_stm32f103xb.o(HEAP) for Heap_Mem
    startup_stm32f103xb.o(.text) refers to startup_stm32f103xb.o(STACK) for Stack_Mem
    main.o(i.HAL_UART_RxCpltCallback) refers to uart.o(i.receive_data) for receive_data
    main.o(i.HAL_UART_RxCpltCallback) refers to stm32f1xx_hal_uart.o(i.HAL_UART_Receive_IT) for HAL_UART_Receive_IT
    main.o(i.HAL_UART_RxCpltCallback) refers to main.o(.bss) for .bss
    main.o(i.HAL_UART_RxCpltCallback) refers to main.o(.data) for .data
    main.o(i.SystemClock_Config) refers to rt_memclr_w.o(.text) for __aeabi_memclr4
    main.o(i.SystemClock_Config) refers to stm32f1xx_hal_rcc.o(i.HAL_RCC_OscConfig) for HAL_RCC_OscConfig
    main.o(i.SystemClock_Config) refers to stm32f1xx_hal_rcc.o(i.HAL_RCC_ClockConfig) for HAL_RCC_ClockConfig
    main.o(i.main) refers to stm32f1xx_hal.o(i.HAL_Init) for HAL_Init
    main.o(i.main) refers to main.o(i.SystemClock_Config) for SystemClock_Config
    main.o(i.main) refers to stm32f1xx_hal_gpio.o(i.HAL_GPIO_WritePin) for HAL_GPIO_WritePin
    main.o(i.main) refers to stm32f1xx_hal_gpio.o(i.HAL_GPIO_Init) for HAL_GPIO_Init
    main.o(i.main) refers to stm32f1xx_hal_uart.o(i.HAL_UART_Init) for HAL_UART_Init
    main.o(i.main) refers to stm32f1xx_hal_uart.o(i.HAL_UART_Receive_IT) for HAL_UART_Receive_IT
    main.o(i.main) refers to response_ci.o(i.response_init) for response_init
    main.o(i.main) refers to app_led.o(i.app_led_init) for app_led_init
    main.o(i.main) refers to uart.o(i.uart_handle) for uart_handle
    main.o(i.main) refers to app_led.o(i.app_led_handle) for app_led_handle
    main.o(i.main) refers to main.o(.bss) for .bss
    main.o(i.main) refers to main.o(.data) for .data
    stm32f1xx_it.o(i.SysTick_Handler) refers to stm32f1xx_hal.o(i.HAL_IncTick) for HAL_IncTick
    stm32f1xx_it.o(i.USART1_IRQHandler) refers to stm32f1xx_hal_uart.o(i.HAL_UART_IRQHandler) for HAL_UART_IRQHandler
    stm32f1xx_it.o(i.USART1_IRQHandler) refers to main.o(.bss) for huart1
    stm32f1xx_hal_msp.o(i.HAL_UART_MspDeInit) refers to stm32f1xx_hal_gpio.o(i.HAL_GPIO_DeInit) for HAL_GPIO_DeInit
    stm32f1xx_hal_msp.o(i.HAL_UART_MspDeInit) refers to stm32f1xx_hal_cortex.o(i.HAL_NVIC_DisableIRQ) for HAL_NVIC_DisableIRQ
    stm32f1xx_hal_msp.o(i.HAL_UART_MspInit) refers to stm32f1xx_hal_gpio.o(i.HAL_GPIO_Init) for HAL_GPIO_Init
    stm32f1xx_hal_msp.o(i.HAL_UART_MspInit) refers to stm32f1xx_hal_cortex.o(i.HAL_NVIC_SetPriority) for HAL_NVIC_SetPriority
    stm32f1xx_hal_msp.o(i.HAL_UART_MspInit) refers to stm32f1xx_hal_cortex.o(i.HAL_NVIC_EnableIRQ) for HAL_NVIC_EnableIRQ
    stm32f1xx_hal_uart.o(i.HAL_HalfDuplex_Init) refers to stm32f1xx_hal_msp.o(i.HAL_UART_MspInit) for HAL_UART_MspInit
    stm32f1xx_hal_uart.o(i.HAL_HalfDuplex_Init) refers to stm32f1xx_hal_uart.o(i.UART_SetConfig) for UART_SetConfig
    stm32f1xx_hal_uart.o(i.HAL_LIN_Init) refers to stm32f1xx_hal_msp.o(i.HAL_UART_MspInit) for HAL_UART_MspInit
    stm32f1xx_hal_uart.o(i.HAL_LIN_Init) refers to stm32f1xx_hal_uart.o(i.UART_SetConfig) for UART_SetConfig
[...]
    .ARM.Collect$$libshutdown$$0000000A      0x08000212   Section        0  libshutdown2.o(.ARM.Collect$$libshutdown$$0000000A)
    .ARM.Collect$$libshutdown$$0000000C      0x08000212   Section        0  libshutdown2.o(.ARM.Collect$$libshutdown$$0000000C)
    .ARM.Collect$$libshutdown$$0000000F      0x08000212   Section        0  libshutdown2.o(.ARM.Collect$$libshutdown$$0000000F)
    .ARM.Collect$$libshutdown$$00000010      0x08000212   Section        2  libshutdown2.o(.ARM.Collect$$libshutdown$$00000010)
    .ARM.Collect$$rtentry$$00000000          0x08000214   Section        0  __rtentry.o(.ARM.Collect$$rtentry$$00000000)
    .ARM.Collect$$rtentry$$00000002          0x08000214   Section        0  __rtentry2.o(.ARM.Collect$$rtentry$$00000002)
    .ARM.Collect$$rtentry$$00000004          0x08000214   Section        6  __rtentry4.o(.ARM.Collect$$rtentry$$00000004)
    .ARM.Collect$$rtentry$$00000009          0x0800021a   Section        0  __rtentry2.o(.ARM.Collect$$rtentry$$00000009)
    .ARM.Collect$$rtentry$$0000000A          0x0800021a   Section        4  __rtentry2.o(.ARM.Collect$$rtentry$$0000000A)
    .ARM.Collect$$rtentry$$0000000C          0x0800021e   Section        0  __rtentry2.o(.ARM.Collect$$rtentry$$0000000C)
    .ARM.Collect$$rtentry$$0000000D          0x0800021e   Section        8  __rtentry2.o(.ARM.Collect$$rtentry$$0000000D)
    .ARM.Collect$$rtexit$$00000000           0x08000226   Section        2  rtexit.o(.ARM.Collect$$rtexit$$00000000)
    .ARM.Collect$$rtexit$$00000002           0x08000228   Section        0  rtexit2.o(.ARM.Collect$$rtexit$$00000002)
    .ARM.Collect$$rtexit$$00000003           0x08000228   Section        4  rtexit2.o(.ARM.Collect$$rtexit$$00000003)
    .ARM.Collect$$rtexit$$00000004           0x0800022c   Section        6  rtexit2.o(.ARM.Collect$$rtexit$$00000004)
    .text                                    0x08000234   Section       64  startup_stm32f103xb.o(.text)
    .text                                    0x08000274   Section        0  vsprintf.o(.text)
    .text                                    0x08000298   Section        0  atoi.o(.text)
    .text                                    0x080002b4   Section        0  strtok.o(.text)
    .text                                    0x080002c0   Section        0  strlen.o(.text)
    .text                                    0x080002fe   Section       78  rt_memclr_w.o(.text)
    .text                                    0x0800034c   Section      128  strcmpv7m.o(.text)
    .text                                    0x080003cc   Section        0  heapauxi.o(.text)
    .text                                    0x080003d4   Section        8  rt_errno_addr_intlibspace.o(.text)
    .text                                    0x080003dc   Section        0  _printf_pad.o(.text)
    .text                                    0x0800042a   Section        0  _printf_truncate.o(.text)
    .text                                    0x0800044e   Section        0  _printf_str.o(.text)
    .text                                    0x080004a0   Section        0  _printf_dec.o(.text)
    .text                                    0x08000518   Section        0  _printf_charcount.o(.text)
    .text                                    0x08000540   Section        0  _printf_char_common.o(.text)
    _printf_input_char                       0x08000541   Thumb Code    10  _printf_char_common.o(.text)
    .text                                    0x08000570   Section        0  _sputc.o(.text)
    .text                                    0x0800057c   Section        0  _printf_wctomb.o(.text)
    .text                                    0x08000638   Section        0  _printf_longlong_dec.o(.text)
    .text                                    0x080006b4   Section        0  _printf_oct_int_ll.o(.text)
    _printf_longlong_oct_internal            0x080006b5   Thumb Code     0  _printf_oct_int_ll.o(.text)
    .text                                    0x08000724   Section        0  _printf_hex_int_ll_ptr.o(.text)
    _printf_hex_common                       0x08000725   Thumb Code     0  _printf_hex_int_ll_ptr.o(.text)
    .text                                    0x080007b8   Section        0  __printf_flags_ss_wp.o(.text)
    .text                                    0x08000940   Section        0  strtol.o(.text)
    .text                                    0x080009b0   Section        0  strtok_int.o(.text)
    .text                                    0x080009f4   Section        8  libspace.o(.text)
    .text                                    0x080009fc   Section       16  rt_ctype_table.o(.text)
    .text                                    0x08000a0c   Section      138  lludiv10.o(.text)
    .text                                    0x08000a96   Section        0  _printf_intcommon.o(.text)
    .text                                    0x08000b48   Section        0  _printf_fp_dec.o(.text)
    _fp_digits                               0x08000b4b   Thumb Code   432  _printf_fp_dec.o(.text)
    .text                                    0x08000f68   Section        0  _printf_fp_hex.o(.text)
    .text                                    0x08001264   Section        0  _printf_char.o(.text)
    .text                                    0x08001290   Section        0  _printf_wchar.o(.text)
    .text                                    0x080012bc   Section        0  _strtoul.o(.text)
    .text                                    0x0800135a   Section        0  _wcrtomb.o(.text)
    .text                                    0x0800139a   Section        0  strcspn.o(.text)
    .text                                    0x080013ba   Section        0  strspn.o(.text)
    .text                                    0x080013d6   Section       74  sys_stackheap_outer.o(.text)
    .text                                    0x08001420   Section        8  rt_locale_intlibspace.o(.text)
    .text                                    0x08001428   Section        0  _printf_fp_infnan.o(.text)
    .text                                    0x080014a8   Section        0  _chval.o(.text)
    .text                                    0x080014c4   Section        0  bigflt0.o(.text)
    .text                                    0x080015a8   Section        0  exit.o(.text)
    .text                                    0x080015bc   Section        0  sys_exit.o(.text)
    .text                                    0x080015c8   Section        2  use_no_semi.o(.text)
    .text                                    0x080015ca   Section        0  indicate_semi.o(.text)
    CL$$btod_d2e                             0x080015ca   Section       62  btod.o(CL$$btod_d2e)
    CL$$btod_d2e_denorm_low                  0x08001608   Section       70  btod.o(CL$$btod_d2e_denorm_low)
    CL$$btod_d2e_norm_op1                    0x0800164e   Section       96  btod.o(CL$$btod_d2e_norm_op1)
    CL$$btod_div_common                      0x080016ae   Section      824  btod.o(CL$$btod_div_common)
    CL$$btod_e2e                             0x080019e6   Section      220  btod.o(CL$$btod_e2e)
    CL$$btod_ediv                            0x08001ac2   Section       42  btod.o(CL$$btod_ediv)
    CL$$btod_emul                            0x08001aec   Section       42  btod.o(CL$$btod_emul)
    CL$$btod_mult_common                     0x08001b16   Section      580  btod.o(CL$$btod_mult_common)
    i.BusFault_Handler                       0x08001d5a   Section        0  stm32f1xx_it.o(i.BusFault_Handler)
    i.DebugMon_Handler                       0x08001d5c   Section        0  stm32f1xx_it.o(i.DebugMon_Handler)
    i.HAL_DMA_Abort                          0x08001d5e   Section        0  stm32f1xx_hal_dma.o(i.HAL_DMA_Abort)
    i.HAL_DMA_Abort_IT                       0x08001da4   Section        0  stm32f1xx_hal_dma.o(i.HAL_DMA_Abort_IT)
    i.HAL_GPIO_Init                          0x08001e3c   Section        0  stm32f1xx_hal_gpio.o(i.HAL_GPIO_Init)
    i.HAL_GPIO_WritePin                      0x0800201c   Section        0  stm32f1xx_hal_gpio.o(i.HAL_GPIO_WritePin)
    i.HAL_GetTick                            0x08002028   Section        0  stm32f1xx_hal.o(i.HAL_GetTick)
    i.HAL_IncTick                            0x08002034   Section        0  stm32f1xx_hal.o(i.HAL_IncTick)
    i.HAL_Init                               0x08002044   Section        0  stm32f1xx_hal.o(i.HAL_Init)
    i.HAL_InitTick                           0x08002068   Section        0  stm32f1xx_hal.o(i.HAL_InitTick)
    i.HAL_MspInit                            0x080020a8   Section        0  stm32f1xx_hal_msp.o(i.HAL_MspInit)
    i.HAL_NVIC_EnableIRQ                     0x080020e4   Section        0  stm32f1xx_hal_cortex.o(i.HAL_NVIC_EnableIRQ)
    i.HAL_NVIC_SetPriority                   0x08002100   Section        0  stm32f1xx_hal_cortex.o(i.HAL_NVIC_SetPriority)
    i.HAL_NVIC_SetPriorityGrouping           0x08002140   Section        0  stm32f1xx_hal_cortex.o(i.HAL_NVIC_SetPriorityGrouping)
    i.HAL_RCC_ClockConfig                    0x08002164   Section        0  stm32f1xx_hal_rcc.o(i.HAL_RCC_ClockConfig)
    i.HAL_RCC_GetPCLK1Freq                   0x08002290   Section        0  stm32f1xx_hal_rcc.o(i.HAL_RCC_GetPCLK1Freq)
    i.HAL_RCC_GetPCLK2Freq                   0x080022b0   Section        0  stm32f1xx_hal_rcc.o(i.HAL_RCC_GetPCLK2Freq)
    i.HAL_RCC_GetSysClockFreq                0x080022d0   Section        0  stm32f1xx_hal_rcc.o(i.HAL_RCC_GetSysClockFreq)
    i.HAL_RCC_OscConfig                      0x0800233c   Section        0  stm32f1xx_hal_rcc.o(i.HAL_RCC_OscConfig)
    i.HAL_SYSTICK_Config                     0x0800265c   Section        0  stm32f1xx_hal_cortex.o(i.HAL_SYSTICK_Config)
    i.HAL_UARTEx_RxEventCallback             0x08002684   Section        0  stm32f1xx_hal_uart.o(i.HAL_UARTEx_RxEventCallback)
    i.HAL_UART_ErrorCallback                 0x08002686   Section        0  stm32f1xx_hal_uart.o(i.HAL_UART_ErrorCallback)
    i.HAL_UART_IRQHandler                    0x08002688   Section        0  stm32f1xx_hal_uart.o(i.HAL_UART_IRQHandler)
    i.HAL_UART_Init                          0x08002894   Section        0  stm32f1xx_hal_uart.o(i.HAL_UART_Init)
    i.HAL_UART_MspInit                       0x080028f8   Section        0  stm32f1xx_hal_msp.o(i.HAL_UART_MspInit)
    i.HAL_UART_Receive_IT                    0x08002978   Section        0  stm32f1xx_hal_uart.o(i.HAL_UART_Receive_IT)
    i.HAL_UART_RxCpltCallback                0x080029a4   Section        0  main.o(i.HAL_UART_RxCpltCallback)
    i.HAL_UART_Transmit                      0x080029d0   Section        0  stm32f1xx_hal_uart.o(i.HAL_UART_Transmit)
    i.HAL_UART_TxCpltCallback                0x08002a82   Section        0  stm32f1xx_hal_uart.o(i.HAL_UART_TxCpltCallback)
    i.HardFault_Handler                      0x08002a84   Section        0  stm32f1xx_it.o(i.HardFault_Handler)
    i.LM35_Gettemp                           0x08002a88   Section        0  lm35.o(i.LM35_Gettemp)
    i.MemManage_Handler                      0x08002aa8   Section        0  stm32f1xx_it.o(i.MemManage_Handler)
    i.NMI_Handler                            0x08002aaa   Section        0  stm32f1xx_it.o(i.NMI_Handler)
    i.PendSV_Handler                         0x08002aac   Section        0  stm32f1xx_it.o(i.PendSV_Handler)
    i.SVC_Handler                            0x08002aae   Section        0  stm32f1xx_it.o(i.SVC_Handler)
    i.SysTick_Handler                        0x08002ab0   Section        0  stm32f1xx_it.o(i.SysTick_Handler)
    i.SystemClock_Config                     0x08002ab4   Section        0  main.o(i.SystemClock_Config)
    i.SystemInit                             0x08002b10   Section        0  system_stm32f1xx.o(i.SystemInit)
    i.UART_DMAAbortOnError                   0x08002b12   Section        0  stm32f1xx_hal_uart.o(i.UART_DMAAbortOnError)
    UART_DMAAbortOnError                     0x08002b13   Thumb Code    16  stm32f1xx_hal_uart.o(i.UART_DMAAbortOnError)
    i.UART_EndRxTransfer                     0x08002b22   Section        0  stm32f1xx_hal_uart.o(i.UART_EndRxTransfer)
    UART_EndRxTransfer                       0x08002b23   Thumb Code    48  stm32f1xx_hal_uart.o(i.UART_EndRxTransfer)
    i.UART_Receive_IT                        0x08002b52   Section        0  stm32f1xx_hal_uart.o(i.UART_Receive_IT)
    UART_Receive_IT                          0x08002b53   Thumb Code   182  stm32f1xx_hal_uart.o(i.UART_Receive_IT)
    i.UART_SetConfig                         0x08002c08   Section        0  stm32f1xx_hal_uart.o(i.UART_SetConfig)
    UART_SetConfig                           0x08002c09   Thumb Code   178  stm32f1xx_hal_uart.o(i.UART_SetConfig)
    i.UART_Start_Receive_IT                  0x08002cc0   Section        0  stm32f1xx_hal_uart.o(i.UART_Start_Receive_IT)
    i.UART_WaitOnFlagUntilTimeout            0x08002cf6   Section        0  stm32f1xx_hal_uart.o(i.UART_WaitOnFlagUntilTimeout)
    UART_WaitOnFlagUntilTimeout              0x08002cf7   Thumb Code   100  stm32f1xx_hal_uart.o(i.UART_WaitOnFlagUntilTimeout)
    i.USART1_IRQHandler                      0x08002d5c   Section        0  stm32f1xx_it.o(i.USART1_IRQHandler)
    i.UsageFault_Handler                     0x08002d68   Section        0  stm32f1xx_it.o(i.UsageFault_Handler)
    i.__ARM_fpclassify                       0x08002d6a   Section        0  fpclassify.o(i.__ARM_fpclassify)
    i.__NVIC_SetPriority                     0x08002d92   Section        0  stm32f1xx_hal_cortex.o(i.__NVIC_SetPriority)
    __NVIC_SetPriority                       0x08002d93   Thumb Code    32  stm32f1xx_hal_cortex.o(i.__NVIC_SetPriority)
    i._is_digit                              0x08002db2   Section        0  __printf_wp.o(i._is_digit)
    i.app_led_blink_all                      0x08002dc0   Section        0  app_led.o(i.app_led_blink_all)
    i.app_led_excute                         0x08002dd0   Section        0  app_led.o(i.app_led_excute)
    i.app_led_handle                         0x08002e20   Section        0  app_led.o(i.app_led_handle)
    i.app_led_init                           0x08002e48   Section        0  app_led.o(i.app_led_init)
    i.app_led_light_up                       0x08002e58   Section        0  app_led.o(i.app_led_light_up)
    i.cli_command_excute                     0x08002e70   Section        0  cli_command.o(i.cli_command_excute)
    i.find_command_entry                     0x08002ed0   Section        0  cli_command.o(i.find_command_entry)
    i.gettempearture                         0x08002f04   Section        0  gettemperature_ci.o(i.gettempearture)
    i.led_driver_init                        0x08002f80   Section        0  led_driver.o(i.led_driver_init)
    i.main                                   0x08002f84   Section        0  main.o(i.main)
    i.receive_data                           0x08003024   Section        0  uart.o(i.receive_data)
    i.response_init                          0x08003050   Section        0  response_ci.o(i.response_init)
    i.response_print                         0x0800305c   Section        0  response_ci.o(i.response_print)
    i.setTempeartureMax                      0x0800308c   Section        0  settemperature_ci.o(i.setTempeartureMax)
    i.set_all_led                            0x0800308e   Section        0  led_driver.o(i.set_all_led)
    i.set_effect_led                         0x080030a8   Section        0  effect_led_ci.o(i.set_effect_led)
    i.set_led                                0x080030e8   Section        0  led_driver.o(i.set_led)
    i.uart_handle                            0x080030fc   Section        0  uart.o(i.uart_handle)
    locale$$code                             0x08003120   Section       44  lc_ctype_c.o(locale$$code)
    locale$$code                             0x0800314c   Section       44  lc_numeric_c.o(locale$$code)
    x$fpl$dretinf                            0x08003178   Section       12  dretinf.o(x$fpl$dretinf)
    x$fpl$f2d                                0x08003184   Section       86  f2d.o(x$fpl$f2d)
    x$fpl$fnaninf                            0x080031da   Section      140  fnaninf.o(x$fpl$fnaninf)
    x$fpl$printf1                            0x08003266   Section        4  printf1.o(x$fpl$printf1)
    x$fpl$printf2                            0x0800326a   Section        4  printf2.o(x$fpl$printf2)
    .constdata                               0x0800326e   Section       16  system_stm32f1xx.o(.constdata)
    x$fpl$usenofp                            0x0800326e   Section        0  usenofp.o(x$fpl$usenofp)
    .constdata                               0x0800327e   Section        8  system_stm32f1xx.o(.constdata)
    .constdata                               0x08003288   Section        8  cli_command_table.o(.constdata)
    .constdata                               0x08003290   Section        8  cli_command_table.o(.constdata)
    .constdata                               0x08003298   Section        8  cli_command_table.o(.constdata)
    .constdata                               0x080032a0   Section       32  cli_command_table.o(.constdata)
    .constdata                               0x080032c0   Section        8  _printf_wctomb.o(.constdata)
    initial_mbstate                          0x080032c0   Data           8  _printf_wctomb.o(.constdata)
    .constdata                               0x080032c8   Section       40  _printf_hex_int_ll_ptr.o(.constdata)
    uc_hextab                                0x080032c8   Data          20  _printf_hex_int_ll_ptr.o(.constdata)
    lc_hextab                                0x080032dc   Data          20  _printf_hex_int_ll_ptr.o(.constdata)
    .constdata                               0x080032f0   Section       17  __printf_flags_ss_wp.o(.constdata)
    maptable                                 0x080032f0   Data          17  __printf_flags_ss_wp.o(.constdata)
    .constdata                               0x08003301   Section       38  _printf_fp_hex.o(.constdata)
    lc_hextab                                0x08003301   Data          19  _printf_fp_hex.o(.constdata)
    uc_hextab                                0x08003314   Data          19  _printf_fp_hex.o(.constdata)
    .constdata                               0x08003328   Section      148  bigflt0.o(.constdata)
    tenpwrs_x                                0x08003328   Data          60  bigflt0.o(.constdata)
    tenpwrs_i                                0x08003364   Data          64  bigflt0.o(.constdata)
    .conststring                             0x080033bc   Section       19  cli_command_table.o(.conststring)
    .conststring                             0x080033d0   Section       13  cli_command_table.o(.conststring)
    .conststring                             0x080033e0   Section       18  cli_command_table.o(.conststring)
    .conststring                             0x080033f4   Section       35  cli_command_table.o(.conststring)
    locale$$data                             0x08003438   Section      272  lc_ctype_c.o(locale$$data)
    __lcctype_c_name                         0x0800343c   Data           2  lc_ctype_c.o(locale$$data)
    __lcctype_c_start                        0x08003444   Data           0  lc_ctype_c.o(locale$$data)
    locale$$data                             0x08003548   Section       28  lc_numeric_c.o(locale$$data)
    __lcctype_c_end                          0x08003548   Data           0  lc_ctype_c.o(locale$$data)
    __lcnum_c_name                           0x0800354c   Data           2  lc_numeric_c.o(locale$$data)
    __lcnum_c_start                          0x08003554   Data           0  lc_numeric_c.o(locale$$data)
    __lcnum_c_point                          0x08003560   Data           0  lc_numeric_c.o(locale$$data)
    __lcnum_c_thousands                      0x08003562   Data           0  lc_numeric_c.o(locale$$data)
    __lcnum_c_grouping                       0x08003563   Data           0  lc_numeric_c.o(locale$$data)
    __lcnum_c_end                            0x08003564   Data           0  lc_numeric_c.o(locale$$data)
    .data                                    0x20000000   Section        1  main.o(.data)
    data_rx                                  0x20000000   Data           1  main.o(.data)
    .data                                    0x20000004   Section       12  stm32f1xx_hal.o(.data)
    .data                                    0x20000010   Section        4  system_stm32f1xx.o(.data)
    .data                                    0x20000014   Section        2  uart.o(.data)
    uart_len                                 0x20000014   Data           1  uart.o(.data)
    .data                                    0x20000018   Section        4  response_ci.o(.data)
    huart_print                              0x20000018   Data           4  response_ci.o(.data)
    .data                                    0x2000001c   Section        4  strtok.o(.data)
    _strtok_saves1                           0x2000001c   Data           4  strtok.o(.data)
    .bss                                     0x20000020   Section       68  main.o(.bss)
    .bss                                     0x20000064   Section      100  uart.o(.bss)
    .bss                                     0x200000c8   Section       16  app_led.o(.bss)
    app_led_state                            0x200000c8   Data          16  app_led.o(.bss)
    .bss                                     0x200000d8   Section       96  libspace.o(.bss)
    HEAP                                     0x20000138   Section      512  startup_stm32f103xb.o(HEAP)
    Heap_Mem                                 0x20000138   Data         512  startup_stm32f103xb.o(HEAP)
    STACK                                    0x20000338   Section     1024  startup_stm32f103xb.o(STACK)
    Stack_Mem                                0x20000338   Data        1024  startup_stm32f103xb.o(STACK)
    __initial_sp                             0x20000738   Data           0  startup_stm32f103xb.o(STACK)

    Global Symbols

    Symbol Name                              Value     Ov Type        Size  Object(Section)

    BuildAttributes$$THM_ISAv4$P$D$K$B$S$PE$A:L22UL41UL21$X:L11$S22US41US21$IEEE1$IW$USESV6$~STKCKD$USESV7$~SHL$OTIME$ROPI$IEEEJ$EBA8$UX$STANDARDLIB$REQ8$PRES8$EABIv2 0x00000000   Number         0  anon$$obj.o ABSOLUTE
    __ARM_use_no_argv                        0x00000000   Number         0  main.o ABSOLUTE
    _printf_flags                            0x00000000   Number         0  printf_stubs.o ABSOLUTE
    _printf_return_value                     0x00000000   Number         0  printf_stubs.o ABSOLUTE
    _printf_sizespec                         0x00000000   Number         0  printf_stubs.o ABSOLUTE
    _printf_widthprec                        0x00000000   Number         0  printf_stubs.o ABSOLUTE
    __ARM_exceptions_init                     - Undefined Weak Reference
    __alloca_initialize                       - Undefined Weak Reference
    __arm_preinit_                            - Undefined Weak Reference
    __cpp_initialize__aeabi_                  - Undefined Weak Reference
    __cxa_finalize                            - Undefined Weak Reference
    __sigvec_lookup                           - Undefined Weak Reference
    _atexit_init                              - Undefined Weak Reference
    _call_atexit_fns                          - Undefined Weak Reference
    _clock_init                               - Undefined Weak Reference
    _fp_trap_init                             - Undefined Weak Reference
    _fp_trap_shutdown                         - Undefined Weak Reference
    _get_lc_collate                           - Undefined Weak Reference
    _get_lc_monetary                          - Undefined Weak Reference
    _get_lc_time                              - Undefined Weak Reference
    _getenv_init                              - Undefined Weak Reference
    _handle_redirection                       - Undefined Weak Reference
    _init_alloc                               - Undefined Weak Reference
    _init_user_alloc                          - Undefined Weak Reference
    _initio                                   - Undefined Weak Reference
    _printf_mbtowc                            - Undefined Weak Reference
    _printf_wc                                - Undefined Weak Reference
    _rand_init                                - Undefined Weak Reference
    _signal_finish                            - Undefined Weak Reference
    _signal_init                              - Undefined Weak Reference
    _terminate_alloc                          - Undefined Weak Reference
    _terminate_user_alloc                     - Undefined Weak Reference
    _terminateio                              - Undefined Weak Reference
    __Vectors_Size                           0x000000ec   Number         0  startup_stm32f103xb.o ABSOLUTE
    __Vectors                                0x08000000   Data           4  startup_stm32f103xb.o(RESET)
    __Vectors_End                            0x080000ec   Data           0  startup_stm32f103xb.o(RESET)
    __main                                   0x080000ed   Thumb Code     8  __main.o(!!!main)
    __scatterload                            0x080000f5   Thumb Code     0  __scatter.o(!!!scatter)
    __scatterload_rt2                        0x080000f5   Thumb Code    44  __scatter.o(!!!scatter)
    __scatterload_rt2_thumb_only             0x080000f5   Thumb Code     0  __scatter.o(!!!scatter)
    __scatterload_null                       0x08000103   Thumb Code     0  __scatter.o(!!!scatter)
    __scatterload_copy                       0x08000129   Thumb Code    26  __scatter_copy.o(!!handler_copy)
    __scatterload_zeroinit                   0x08000145   Thumb Code    28  __scatter_zi.o(!!handler_zi)
    _printf_n                                0x08000161   Thumb Code     0  _printf_n.o(.ARM.Collect$$_printf_percent$$00000001)
    _printf_percent                          0x08000161   Thumb Code     0  _printf_percent.o(.ARM.Collect$$_printf_percent$$00000000)
    _printf_p                                0x08000167   Thumb Code     0  _printf_p.o(.ARM.Collect$$_printf_percent$$00000002)
    _printf_f                                0x0800016d   Thumb Code     0  _printf_f.o(.ARM.Collect$$_printf_percent$$00000003)
    _printf_e                                0x08000173   Thumb Code     0  _printf_e.o(.ARM.Collect$$_printf_percent$$00000004)
    _printf_g                                0x08000179   Thumb Code     0  _printf_g.o(.ARM.Collect$$_printf_percent$$00000005)
    _printf_a                                0x0800017f   Thumb Code     0  _printf_a.o(.ARM.Collect$$_printf_percent$$00000006)
    _printf_ll                               0x08000185   Thumb Code     0  _printf_ll.o(.ARM.Collect$$_printf_percent$$00000007)
    _printf_i                                0x0800018f   Thumb Code     0  _printf_i.o(.ARM.Collect$$_printf_percent$$00000008)
    _printf_d                                0x08000195   Thumb Code     0  _printf_d.o(.ARM.Collect$$_printf_percent$$00000009)
    _printf_u                                0x0800019b   Thumb Code     0  _printf_u.o(.ARM.Collect$$_printf_percent$$0000000A)
    _printf_o                                0x080001a1   Thumb Code     0  _printf_o.o(.ARM.Collect$$_printf_percent$$0000000B)
    _printf_x                                0x080001a7   Thumb Code     0  _printf_x.o(.ARM.Collect$$_printf_percent$$0000000C)
    _printf_lli                              0x080001ad   Thumb Code     0  _printf_lli.o(.ARM.Collect$$_printf_percent$$0000000D)
    _printf_lld                              0x080001b3   Thumb Code     0  _printf_lld.o(.ARM.Collect$$_printf_percent$$0000000E)
    _printf_llu                              0x080001b9   Thumb Code     0  _printf_llu.o(.ARM.Collect$$_printf_percent$$0000000F)
    _printf_llo                              0x080001bf   Thumb Code     0  _printf_llo.o(.ARM.Collect$$_printf_percent$$00000010)
    _printf_llx                              0x080001c5   Thumb Code     0  _printf_llx.o(.ARM.Collect$$_printf_percent$$00000011)
    _printf_l                                0x080001cb   Thumb Code     0  _printf_l.o(.ARM.Collect$$_printf_percent$$00000012)
    _printf_c                                0x080001d5   Thumb Code     0  _printf_c.o(.ARM.Collect$$_printf_percent$$00000013)
    _printf_s                                0x080001db   Thumb Code     0  _printf_s.o(.ARM.Collect$$_printf_percent$$00000014)
    _printf_lc                               0x080001e1   Thumb Code     0  _printf_lc.o(.ARM.Collect$$_printf_percent$$00000015)
    _printf_ls                               0x080001e7   Thumb Code     0  _printf_ls.o(.ARM.Collect$$_printf_percent$$00000016)
    _printf_percent_end                      0x080001ed   Thumb Code     0  _printf_percent_end.o(.ARM.Collect$$_printf_percent$$00000017)
    __rt_lib_init                            0x080001f1   Thumb Code     0  libinit.o(.ARM.Collect$$libinit$$00000000)
    __rt_lib_init_fp_1                       0x080001f3   Thumb Code     0  libinit2.o(.ARM.Collect$$libinit$$00000002)
    __rt_lib_init_heap_1                     0x080001f3   Thumb Code     0  libinit2.o(.ARM.Collect$$libinit$$0000000A)
    __rt_lib_init_lc_common                  0x080001f3   Thumb Code     0  libinit2.o(.ARM.Collect$$libinit$$0000000F)
    __rt_lib_init_preinit_1                  0x080001f3   Thumb Code     0  libinit2.o(.ARM.Collect$$libinit$$00000004)
    __rt_lib_init_rand_1                     0x080001f3   Thumb Code     0  libinit2.o(.ARM.Collect$$libinit$$0000000E)
    __rt_lib_init_user_alloc_1               0x080001f3   Thumb Code     0  libinit2.o(.ARM.Collect$$libinit$$0000000C)
    __rt_lib_init_lc_collate_1               0x080001f9   Thumb Code     0  libinit2.o(.ARM.Collect$$libinit$$00000011)
    __rt_lib_init_lc_ctype_2                 0x080001f9   Thumb Code     0  libinit2.o(.ARM.Collect$$libinit$$00000012)
    __rt_lib_init_lc_ctype_1                 0x08000205   Thumb Code     0  libinit2.o(.ARM.Collect$$libinit$$00000013)
    __rt_lib_init_lc_monetary_1              0x08000205   Thumb Code     0  libinit2.o(.ARM.Collect$$libinit$$00000015)
    __rt_lib_init_lc_numeric_2               0x08000205   Thumb Code     0  libinit2.o(.ARM.Collect$$libinit$$00000016)
    __rt_lib_init_alloca_1                   0x0800020f   Thumb Code     0  libinit2.o(.ARM.Collect$$libinit$$0000002E)
    __rt_lib_init_argv_1                     0x0800020f   Thumb Code     0  libinit2.o(.ARM.Collect$$libinit$$0000002C)
    __rt_lib_init_atexit_1                   0x0800020f   Thumb Code     0  libinit2.o(.ARM.Collect$$libinit$$0000001B)
    __rt_lib_init_clock_1                    0x0800020f   Thumb Code     0  libinit2.o(.ARM.Collect$$libinit$$00000021)
    __rt_lib_init_cpp_1                      0x0800020f   Thumb Code     0  libinit2.o(.ARM.Collect$$libinit$$00000032)
    __rt_lib_init_exceptions_1               0x0800020f   Thumb Code     0  libinit2.o(.ARM.Collect$$libinit$$00000030)
    __rt_lib_init_fp_trap_1                  0x0800020f   Thumb Code     0  libinit2.o(.ARM.Collect$$libinit$$0000001F)
    __rt_lib_init_getenv_1                   0x0800020f   Thumb Code     0  libinit2.o(.ARM.Collect$$libinit$$00000023)
    __rt_lib_init_lc_numeric_1               0x0800020f   Thumb Code     0  libinit2.o(.ARM.Collect$$libinit$$00000017)
    __rt_lib_init_lc_time_1                  0x0800020f   Thumb Code     0  libinit2.o(.ARM.Collect$$libinit$$00000019)
    __rt_lib_init_return                     0x0800020f   Thumb Code     0  libinit2.o(.ARM.Collect$$libinit$$00000033)
    __rt_lib_init_signal_1                   0x0800020f   Thumb Code     0  libinit2.o(.ARM.Collect$$libinit$$0000001D)
    __rt_lib_init_stdio_1                    0x0800020f   Thumb Code     0  libinit2.o(.ARM.Collect$$libinit$$00000025)
    __rt_lib_shutdown                        0x08000211   Thumb Code     0  libshutdown.o(.ARM.Collect$$libshutdown$$00000000)
    __rt_lib_shutdown_cpp_1                  0x08000213   Thumb Code     0  libshutdown2.o(.ARM.Collect$$libshutdown$$00000002)
    __rt_lib_shutdown_fp_trap_1              0x08000213   Thumb Code     0  libshutdown2.o(.ARM.Collect$$libshutdown$$00000007)
    __rt_lib_shutdown_heap_1                 0x08000213   Thumb Code     0  libshutdown2.o(.ARM.Collect$$libshutdown$$0000000F)
    __rt_lib_shutdown_return                 0x08000213   Thumb Code     0  libshutdown2.o(.ARM.Collect$$libshutdown$$00000010)
    __rt_lib_shutdown_signal_1               0x08000213   Thumb Code     0  libshutdown2.o(.ARM.Collect$$libshutdown$$0000000A)
    __rt_lib_shutdown_stdio_1                0x08000213   Thumb Code     0  libshutdown2.o(.ARM.Collect$$libshutdown$$00000004)
    __rt_lib_shutdown_user_alloc_1           0x08000213   Thumb Code     0  libshutdown2.o(.ARM.Collect$$libshutdown$$0000000C)
    __rt_entry                               0x08000215   Thumb Code     0  __rtentry.o(.ARM.Collect$$rtentry$$00000000)
    __rt_entry_presh_1                       0x08000215   Thumb Code     0  __rtentry2.o(.ARM.Collect$$rtentry$$00000002)
    __rt_entry_sh                            0x08000215   Thumb Code     0  __rtentry4.o(.ARM.Collect$$rtentry$$00000004)
    __rt_entry_li                            0x0800021b   Thumb Code     0  __rtentry2.o(.ARM.Collect$$rtentry$$0000000A)
    __rt_entry_postsh_1                      0x0800021b   Thumb Code     0  __rtentry2.o(.ARM.Collect$$rtentry$$00000009)
    __rt_entry_main                          0x0800021f   Thumb Code     0  __rtentry2.o(.ARM.Collect$$rtentry$$0000000D)
    __rt_entry_postli_1                      0x0800021f   Thumb Code     0  __rtentry2.o(.ARM.Collect$$rtentry$$0000000C)
    __rt_exit                                0x08000227   Thumb Code     0  rtexit.o(.ARM.Collect$$rtexit$$00000000)
    __rt_exit_ls                             0x08000229   Thumb Code     0  rtexit2.o(.ARM.Collect$$rtexit$$00000003)
    __rt_exit_prels_1                        0x08000229   Thumb Code     0  rtexit2.o(.ARM.Collect$$rtexit$$00000002)
    __rt_exit_exit                           0x0800022d   Thumb Code     0  rtexit2.o(.ARM.Collect$$rtexit$$00000004)
    Reset_Handler                            0x08000235   Thumb Code     8  startup_stm32f103xb.o(.text)
    ADC1_2_IRQHandler                        0x0800024f   Thumb Code     0  startup_stm32f103xb.o(.text)
    CAN1_RX1_IRQHandler                      0x0800024f   Thumb Code     0  startup_stm32f103xb.o(.text)
    CAN1_SCE_IRQHandler                      0x0800024f   Thumb Code     0  startup_stm32f103xb.o(.text)
    DMA1_Channel1_IRQHandler                 0x0800024f   Thumb Code     0  startup_stm32f103xb.o(.text)
    DMA1_Channel2_IRQHandler                 0x0800024f   Thumb Code     0  startup_stm32f103xb.o(.text)
    DMA1_Channel3_IRQHandler                 0x0800024f   Thumb Code     0  startup_stm32f103xb.o(.text)
    DMA1_Channel4_IRQHandler                 0x0800024f   Thumb Code     0  startup_stm32f103xb.o(.text)
    DMA1_Channel5_IRQHandler                 0x0800024f   Thumb Code     0  startup_stm32f103xb.o(.text)
    DMA1_Channel6_IRQHandler                 0x0800024f   Thumb Code     0  startup_stm32f103xb.o(.text)
    DMA1_Channel7_IRQHandler                 0x0800024f   Thumb Code     0  startup_stm32f103xb.o(.text)
    EXTI0_IRQHandler                         0x0800024f   Thumb Code     0  startup_stm32f103xb.o(.text)
    EXTI15_10_IRQHandler                     0x0800024f   Thumb Code     0  startup_stm32f103xb.o(.text)
    EXTI1_IRQHandler                         0x0800024f   Thumb Code     0  startup_stm32f103xb.o(.text)
    EXTI2_IRQHandler                         0x0800024f   Thumb Code     0  startup_stm32f103xb.o(.text)
    EXTI3_IRQHandler                         0x0800024f   Thumb Code     0  startup_stm32f103xb.o(.text)
    EXTI4_IRQHandler                         0x0800024f   Thumb Code     0  startup_stm32f103xb.o(.text)
    EXTI9_5_IRQHandler                       0x0800024f   Thumb Code     0  startup_stm32f103xb.o(.text)
    FLASH_IRQHandler                         0x0800024f   Thumb Code     0  startup_stm32f103xb.o(.text)
    I2C1_ER_IRQHandler                       0x0800024f   Thumb Code     0  startup_stm32f103xb.o(.text)
    I2C1_EV_IRQHandler                       0x0800024f   Thumb Code     0  startup_stm32f103xb.o(.text)
    I2C2_ER_IRQHandler                       0x0800024f   Thumb Code     0  startup_stm32f103xb.o(.text)
    I2C2_EV_IRQHandler                       0x0800024f   Thumb Code     0  startup_stm32f103xb.o(.text)
    PVD_IRQHandler                           0x0800024f   Thumb Code     0  startup_stm32f103xb.o(.text)
    RCC_IRQHandler                           0x0800024f   Thumb Code     0  startup_stm32f103xb.o(.text)
    RTC_Alarm_IRQHandler                     0x0800024f   Thumb Code     0  startup_stm32f103xb.o(.text)
    RTC_IRQHandler                           0x0800024f   Thumb Code     0  startup_stm32f103xb.o(.text)
    SPI1_IRQHandler                          0x0800024f   Thumb Code     0  startup_stm32f103xb.o(.text)
    SPI2_IRQHandler                          0x0800024f   Thumb Code     0  startup_stm32f103xb.o(.text)
    TAMPER_IRQHandler                        0x0800024f   Thumb Code     0  startup_stm32f103xb.o(.text)
    TIM1_BRK_IRQHandler                      0x0800024f   Thumb Code     0  startup_stm32f103xb.o(.text)
    TIM1_CC_IRQHandler                       0x0800024f   Thumb Code     0  startup_stm32f103xb.o(.text)
    TIM1_TRG_COM_IRQHandler                  0x0800024f   Thumb Code     0  startup_stm32f103xb.o(.text)
    TIM1_UP_IRQHandler                       0x0800024f   Thumb Code     0  startup_stm32f103xb.o(.text)
    TIM2_IRQHandler                          0x0800024f   Thumb Code     0  startup_stm32f103xb.o(.text)
    TIM3_IRQHandler                          0x0800024f   Thumb Code     0  startup_stm32f103xb.o(.text)
    TIM4_IRQHandler                          0x0800024f   Thumb Code     0  startup_stm32f103xb.o(.text)
    USART2_IRQHandler                        0x0800024f   Thumb Code     0  startup_stm32f103xb.o(.text)
    USART3_IRQHandler                        0x0800024f   Thumb Code     0  startup_stm32f103xb.o(.text)
    USBWakeUp_IRQHandler                     0x0800024f   Thumb Code     0  startup_stm32f103xb.o(.text)
    USB_HP_CAN1_TX_IRQHandler                0x0800024f   Thumb Code     0  startup_stm32f103xb.o(.text)
    USB_LP_CAN1_RX0_IRQHandler               0x0800024f   Thumb Code     0  startup_stm32f103xb.o(.text)
    WWDG_IRQHandler                          0x0800024f   Thumb Code     0  startup_stm32f103xb.o(.text)
    __user_initial_stackheap                 0x08000251   Thumb Code     0  startup_stm32f103xb.o(.text)
    vsprintf                                 0x08000275   Thumb Code    32  vsprintf.o(.text)
    atoi                                     0x08000299   Thumb Code    26  atoi.o(.text)
    strtok                                   0x080002b5   Thumb Code     6  strtok.o(.text)
    strlen                                   0x080002c1   Thumb Code    62  strlen.o(.text)
    __aeabi_memclr4                          0x080002ff   Thumb Code     0  rt_memclr_w.o(.text)
    __aeabi_memclr8                          0x080002ff   Thumb Code     0  rt_memclr_w.o(.text)
    __rt_memclr_w                            0x080002ff   Thumb Code    78  rt_memclr_w.o(.text)
    _memset_w                                0x08000303   Thumb Code     0  rt_memclr_w.o(.text)
    strcmp                                   0x0800034d   Thumb Code   128  strcmpv7m.o(.text)
    __use_two_region_memory                  0x080003cd   Thumb Code     2  heapauxi.o(.text)
    __rt_heap_escrow$2region                 0x080003cf   Thumb Code     2  heapauxi.o(.text)
    __rt_heap_expand$2region                 0x080003d1   Thumb Code     2  heapauxi.o(.text)
    __aeabi_errno_addr                       0x080003d5   Thumb Code     8  rt_errno_addr_intlibspace.o(.text)
    __errno$intlibspace                      0x080003d5   Thumb Code     0  rt_errno_addr_intlibspace.o(.text)
    __rt_errno_addr$intlibspace              0x080003d5   Thumb Code     0  rt_errno_addr_intlibspace.o(.text)
    _printf_pre_padding                      0x080003dd   Thumb Code    44  _printf_pad.o(.text)
    _printf_post_padding                     0x08000409   Thumb Code    34  _printf_pad.o(.text)
    _printf_truncate_signed                  0x0800042b   Thumb Code    18  _printf_truncate.o(.text)
    _printf_truncate_unsigned                0x0800043d   Thumb Code    18  _printf_truncate.o(.text)
    _printf_str                              0x0800044f   Thumb Code    82  _printf_str.o(.text)
    _printf_int_dec                          0x080004a1   Thumb Code   104  _printf_dec.o(.text)
    _printf_charcount                        0x08000519   Thumb Code    40  _printf_charcount.o(.text)
    _printf_char_common                      0x0800054b   Thumb Code    32  _printf_char_common.o(.text)
    _sputc                                   0x08000571   Thumb Code    10  _sputc.o(.text)
    _printf_wctomb                           0x0800057d   Thumb Code   182  _printf_wctomb.o(.text)
    _printf_longlong_dec                     0x08000639   Thumb Code   108  _printf_longlong_dec.o(.text)
    _printf_longlong_oct                     0x080006b5   Thumb Code    66  _printf_oct_int_ll.o(.text)
    _printf_int_oct                          0x080006f7   Thumb Code    24  _printf_oct_int_ll.o(.text)
    _printf_ll_oct                           0x0800070f   Thumb Code    12  _printf_oct_int_ll.o(.text)
    _printf_longlong_hex                     0x08000725   Thumb Code    86  _printf_hex_int_ll_ptr.o(.text)
    _printf_int_hex                          0x0800077b   Thumb Code    28  _printf_hex_int_ll_ptr.o(.text)
    _printf_ll_hex                           0x08000797   Thumb Code    12  _printf_hex_int_ll_ptr.o(.text)
    _printf_hex_ptr                          0x080007a3   Thumb Code    18  _printf_hex_int_ll_ptr.o(.text)
    __printf                                 0x080007b9   Thumb Code   388  __printf_flags_ss_wp.o(.text)
    strtol                                   0x08000941   Thumb Code   112  strtol.o(.text)
    __strtok_internal                        0x080009b1   Thumb Code    64  strtok_int.o(.text)
    __user_libspace                          0x080009f5   Thumb Code     8  libspace.o(.text)
    __user_perproc_libspace                  0x080009f5   Thumb Code     0  libspace.o(.text)
    __user_perthread_libspace                0x080009f5   Thumb Code     0  libspace.o(.text)
    __rt_ctype_table                         0x080009fd   Thumb Code    16  rt_ctype_table.o(.text)
    _ll_udiv10                               0x08000a0d   Thumb Code   138  lludiv10.o(.text)
    _printf_int_common                       0x08000a97   Thumb Code   178  _printf_intcommon.o(.text)
    __lib_sel_fp_printf                      0x08000b49   Thumb Code     2  _printf_fp_dec.o(.text)
    _printf_fp_dec_real                      0x08000cfb   Thumb Code   620  _printf_fp_dec.o(.text)
    _printf_fp_hex_real                      0x08000f69   Thumb Code   756  _printf_fp_hex.o(.text)
    _printf_cs_common                        0x08001265   Thumb Code    20  _printf_char.o(.text)
    _printf_char                             0x08001279   Thumb Code    16  _printf_char.o(.text)
    _printf_string                           0x08001289   Thumb Code     8  _printf_char.o(.text)
    _printf_lcs_common                       0x08001291   Thumb Code    20  _printf_wchar.o(.text)
    _printf_wchar                            0x080012a5   Thumb Code    16  _printf_wchar.o(.text)
    _printf_wstring                          0x080012b5   Thumb Code     8  _printf_wchar.o(.text)
    _strtoul                                 0x080012bd   Thumb Code   158  _strtoul.o(.text)
    _wcrtomb                                 0x0800135b   Thumb Code    64  _wcrtomb.o(.text)
    strcspn                                  0x0800139b   Thumb Code    32  strcspn.o(.text)
    strspn                                   0x080013bb   Thumb Code    28  strspn.o(.text)
    __user_setup_stackheap                   0x080013d7   Thumb Code    74  sys_stackheap_outer.o(.text)
    __rt_locale                              0x08001421   Thumb Code     8  rt_locale_intlibspace.o(.text)
    _printf_fp_infnan                        0x08001429   Thumb Code   112  _printf_fp_infnan.o(.text)
    _chval                                   0x080014a9   Thumb Code    28  _chval.o(.text)
    _btod_etento                             0x080014c5   Thumb Code   224  bigflt0.o(.text)
    exit                                     0x080015a9   Thumb Code    18  exit.o(.text)
    _sys_exit                                0x080015bd   Thumb Code     8  sys_exit.o(.text)
    __I$use$semihosting                      0x080015c9   Thumb Code     0  use_no_semi.o(.text)
    __use_no_semihosting_swi                 0x080015c9   Thumb Code     2  use_no_semi.o(.text)
    __semihosting_library_function           0x080015cb   Thumb Code     0  indicate_semi.o(.text)
    _btod_d2e                                0x080015cb   Thumb Code    62  btod.o(CL$$btod_d2e)
    _d2e_denorm_low                          0x08001609   Thumb Code    70  btod.o(CL$$btod_d2e_denorm_low)
    _d2e_norm_op1                            0x0800164f   Thumb Code    96  btod.o(CL$$btod_d2e_norm_op1)
    __btod_div_common                        0x080016af   Thumb Code   696  btod.o(CL$$btod_div_common)
    _e2e                                     0x080019e7   Thumb Code   220  btod.o(CL$$btod_e2e)
    _btod_ediv                               0x08001ac3   Thumb Code    42  btod.o(CL$$btod_ediv)
    _btod_emul                               0x08001aed   Thumb Code    42  btod.o(CL$$btod_emul)
    __btod_mult_common                       0x08001b17   Thumb Code   580  btod.o(CL$$btod_mult_common)
    BusFault_Handler                         0x08001d5b   Thumb Code     2  stm32f1xx_it.o(i.BusFault_Handler)
    DebugMon_Handler                         0x08001d5d   Thumb Code     2  stm32f1xx_it.o(i.DebugMon_Handler)
    HAL_DMA_Abort                            0x08001d5f   Thumb Code    70  stm32f1xx_hal_dma.o(i.HAL_DMA_Abort)
    HAL_DMA_Abort_IT                         0x08001da5   Thumb Code   148  stm32f1xx_hal_dma.o(i.HAL_DMA_Abort_IT)
    HAL_GPIO_Init                            0x08001e3d   Thumb Code   446  stm32f1xx_hal_gpio.o(i.HAL_GPIO_Init)
    HAL_GPIO_WritePin                        0x0800201d   Thumb Code    10  stm32f1xx_hal_gpio.o(i.HAL_GPIO_WritePin)
    HAL_GetTick                              0x08002029   Thumb Code     6  stm32f1xx_hal.o(i.HAL_GetTick)
    HAL_IncTick                              0x08002035   Thumb Code    12  stm32f1xx_hal.o(i.HAL_IncTick)
    HAL_Init                                 0x08002045   Thumb Code    32  stm32f1xx_hal.o(i.HAL_Init)
    HAL_InitTick                             0x08002069   Thumb Code    54  stm32f1xx_hal.o(i.HAL_InitTick)
    HAL_MspInit                              0x080020a9   Thumb Code    52  stm32f1xx_hal_msp.o(i.HAL_MspInit)
    HAL_NVIC_EnableIRQ                       0x080020e5   Thumb Code    26  stm32f1xx_hal_cortex.o(i.HAL_NVIC_EnableIRQ)
    HAL_NVIC_SetPriority                     0x08002101   Thumb Code    60  stm32f1xx_hal_cortex.o(i.HAL_NVIC_SetPriority)
    HAL_NVIC_SetPriorityGrouping             0x08002141   Thumb Code    26  stm32f1xx_hal_cortex.o(i.HAL_NVIC_SetPriorityGrouping)
    HAL_RCC_ClockConfig                      0x08002165   Thumb Code   280  stm32f1xx_hal_rcc.o(i.HAL_RCC_ClockConfig)
    HAL_RCC_GetPCLK1Freq                     0x08002291   Thumb Code    20  stm32f1xx_hal_rcc.o(i.HAL_RCC_GetPCLK1Freq)
    HAL_RCC_GetPCLK2Freq                     0x080022b1   Thumb Code    20  stm32f1xx_hal_rcc.o(i.HAL_RCC_GetPCLK2Freq)
    HAL_RCC_GetSysClockFreq                  0x080022d1   Thumb Code    74  stm32f1xx_hal_rcc.o(i.HAL_RCC_GetSysClockFreq)
    HAL_RCC_OscConfig                        0x0800233d   Thumb Code   778  stm32f1xx_hal_rcc.o(i.HAL_RCC_OscConfig)
    HAL_SYSTICK_Config                       0x0800265d   Thumb Code    40  stm32f1xx_hal_cortex.o(i.HAL_SYSTICK_Config)
    HAL_UARTEx_RxEventCallback               0x08002685   Thumb Code     2  stm32f1xx_hal_uart.o(i.HAL_UARTEx_RxEventCallback)
    HAL_UART_ErrorCallback                   0x08002687   Thumb Code     2  stm32f1xx_hal_uart.o(i.HAL_UART_ErrorCallback)
    HAL_UART_IRQHandler                      0x08002689   Thumb Code   520  stm32f1xx_hal_uart.o(i.HAL_UART_IRQHandler)
    HAL_UART_Init                            0x08002895   Thumb Code    98  stm32f1xx_hal_uart.o(i.HAL_UART_Init)
    HAL_UART_MspInit                         0x080028f9   Thumb Code   116  stm32f1xx_hal_msp.o(i.HAL_UART_MspInit)
    HAL_UART_Receive_IT                      0x08002979   Thumb Code    42  stm32f1xx_hal_uart.o(i.HAL_UART_Receive_IT)
    HAL_UART_RxCpltCallback                  0x080029a5   Thumb Code    36  main.o(i.HAL_UART_RxCpltCallback)
    HAL_UART_Transmit                        0x080029d1   Thumb Code   178  stm32f1xx_hal_uart.o(i.HAL_UART_Transmit)
    HAL_UART_TxCpltCallback                  0x08002a83   Thumb Code     2  stm32f1xx_hal_uart.o(i.HAL_UART_TxCpltCallback)
    HardFault_Handler                        0x08002a85   Thumb Code     2  stm32f1xx_it.o(i.HardFault_Handler)
    LM35_Gettemp                             0x08002a89   Thumb Code    18  lm35.o(i.LM35_Gettemp)
    MemManage_Handler                        0x08002aa9   Thumb Code     2  stm32f1xx_it.o(i.MemManage_Handler)
    NMI_Handler                              0x08002aab   Thumb Code     2  stm32f1xx_it.o(i.NMI_Handler)
    PendSV_Handler                           0x08002aad   Thumb Code     2  stm32f1xx_it.o(i.PendSV_Handler)
    SVC_Handler                              0x08002aaf   Thumb Code     2  stm32f1xx_it.o(i.SVC_Handler)
    SysTick_Handler                          0x08002ab1   Thumb Code     4  stm32f1xx_it.o(i.SysTick_Handler)
    SystemClock_Config                       0x08002ab5   Thumb Code    92  main.o(i.SystemClock_Config)
    SystemInit                               0x08002b11   Thumb Code     2  system_stm32f1xx.o(i.SystemInit)
    UART_Start_Receive_IT                    0x08002cc1   Thumb Code    54  stm32f1xx_hal_uart.o(i.UART_Start_Receive_IT)
    USART1_IRQHandler                        0x08002d5d   Thumb Code     6  stm32f1xx_it.o(i.USART1_IRQHandler)
    UsageFault_Handler                       0x08002d69   Thumb Code     2  stm32f1xx_it.o(i.UsageFault_Handler)
    __ARM_fpclassify                         0x08002d6b   Thumb Code    40  fpclassify.o(i.__ARM_fpclassify)
    _is_digit                                0x08002db3   Thumb Code    14  __printf_wp.o(i._is_digit)
    app_led_blink_all                        0x08002dc1   Thumb Code    10  app_led.o(i.app_led_blink_all)
    app_led_excute                           0x08002dd1   Thumb Code    76  app_led.o(i.app_led_excute)
    app_led_handle                           0x08002e21   Thumb Code    36  app_led.o(i.app_led_handle)
    app_led_init                             0x08002e49   Thumb Code    10  app_led.o(i.app_led_init)
    app_led_light_up                         0x08002e59   Thumb Code    18  app_led.o(i.app_led_light_up)
    cli_command_excute                       0x08002e71   Thumb Code    66  cli_command.o(i.cli_command_excute)
    find_command_entry                       0x08002ed1   Thumb Code    46  cli_command.o(i.find_command_entry)
    gettempearture                           0x08002f05   Thumb Code    52  gettemperature_ci.o(i.gettempearture)
    led_driver_init                          0x08002f81   Thumb Code     2  led_driver.o(i.led_driver_init)
    main                                     0x08002f85   Thumb Code   138  main.o(i.main)
    receive_data                             0x08003025   Thumb Code    34  uart.o(i.receive_data)
    response_init                            0x08003051   Thumb Code     6  response_ci.o(i.response_init)
    response_print                           0x0800305d   Thumb Code    42  response_ci.o(i.response_print)
    setTempeartureMax                        0x0800308d   Thumb Code     2  settemperature_ci.o(i.setTempeartureMax)
    set_all_led                              0x0800308f   Thumb Code    24  led_driver.o(i.set_all_led)
    set_effect_led                           0x080030a9   Thumb Code    58  effect_led_ci.o(i.set_effect_led)
    set_led                                  0x080030e9   Thumb Code    16  led_driver.o(i.set_led)
    uart_handle                              0x080030fd   Thumb Code    26  uart.o(i.uart_handle)
    _get_lc_ctype                            0x08003121   Thumb Code    44  lc_ctype_c.o(locale$$code)
    _get_lc_numeric                          0x0800314d   Thumb Code    44  lc_numeric_c.o(locale$$code)
    __fpl_dretinf                            0x08003179   Thumb Code    12  dretinf.o(x$fpl$dretinf)
    __aeabi_f2d                              0x08003185   Thumb Code     0  f2d.o(x$fpl$f2d)
    _f2d                                     0x08003185   Thumb Code    86  f2d.o(x$fpl$f2d)
    __fpl_fnaninf                            0x080031db   Thumb Code   140  fnaninf.o(x$fpl$fnaninf)
    _printf_fp_dec                           0x08003267   Thumb Code     4  printf1.o(x$fpl$printf1)
    _printf_fp_hex                           0x0800326b   Thumb Code     4  printf2.o(x$fpl$printf2)
    AHBPrescTable                            0x0800326e   Data          16  system_stm32f1xx.o(.constdata)
    __I$use$fp                               0x0800326e   Number         0  usenofp.o(x$fpl$usenofp)
    APBPrescTable                            0x0800327e   Data           8  system_stm32f1xx.o(.constdata)
    command_infor_gettemp                    0x08003288   Data           8  cli_command_table.o(.constdata)
    command_infor_settemp_max                0x08003290   Data           8  cli_command_table.o(.constdata)
    command_infor_setEffectLed               0x08003298   Data           8  cli_command_table.o(.constdata)
    command_entry_table                      0x080032a0   Data          32  cli_command_table.o(.constdata)
    Region$$Table$$Base                      0x08003418   Number         0  anon$$obj.o(Region$$Table)
    Region$$Table$$Limit                     0x08003438   Number         0  anon$$obj.o(Region$$Table)
    __ctype                                  0x08003445   Data           0  lc_ctype_c.o(locale$$data)
    uwTickFreq                               0x20000004   Data           1  stm32f1xx_hal.o(.data)
    uwTickPrio                               0x20000008   Data           4  stm32f1xx_hal.o(.data)
    uwTick                                   0x2000000c   Data           4  stm32f1xx_hal.o(.data)
    SystemCoreClock                          0x20000010   Data           4  system_stm32f1xx.o(.data)
    uart_flag                                0x20000015   Data           1  uart.o(.data)
    huart1                                   0x20000020   Data          68  main.o(.bss)
    uart_buff                                0x20000064   Data         100  uart.o(.bss)
    __libspace_start                         0x200000d8   Data          96  libspace.o(.bss)
    __temporary_stack_top$libspace           0x20000138   Data           0  libspace.o(.bss)



==============================================================================

Memory Map of the image

  Image Entry point : 0x080000ed

  Load Region LR_IROM1 (Base: 0x08000000, Size: 0x00003584, Max: 0x00010000, ABSOLUTE)

    Execution Region ER_IROM1 (Exec base: 0x08000000, Load base: 0x08000000, Size: 0x00003564, Max: 0x00010000, ABSOLUTE)

    Exec Addr    Load Addr    Size         Type   Attr      Idx    E Section Name        Object

    0x08000000   0x08000000   0x000000ec   Data   RO            3    RESET               startup_stm32f103xb.o
    0x080000ec   0x080000ec   0x00000008   Code   RO         2067  * !!!main             c_w.l(__main.o)
    0x080000f4   0x080000f4   0x00000034   Code   RO         2409    !!!scatter          c_w.l(__scatter.o)
    0x08000128   0x08000128   0x0000001a   Code   RO         2411    !!handler_copy      c_w.l(__scatter_copy.o)
    0x08000142   0x08000142   0x00000002   PAD
    0x08000144   0x08000144   0x0000001c   Code   RO         2413    !!handler_zi        c_w.l(__scatter_zi.o)
    0x08000160   0x08000160   0x00000000   Code   RO         2158    .ARM.Collect$$_printf_percent$$00000000  c_w.l(_printf_percent.o)
    0x08000160   0x08000160   0x00000006   Code   RO         2147    .ARM.Collect$$_printf_percent$$00000001  c_w.l(_printf_n.o)
    0x08000166   0x08000166   0x00000006   Code   RO         2149    .ARM.Collect$$_printf_percent$$00000002  c_w.l(_printf_p.o)
    0x0800016c   0x0800016c   0x00000006   Code   RO         2154    .ARM.Collect$$_printf_percent$$00000003  c_w.l(_printf_f.o)
    0x08000172   0x08000172   0x00000006   Code   RO         2155    .ARM.Collect$$_printf_percent$$00000004  c_w.l(_printf_e.o)
    0x08000178   0x08000178   0x00000006   Code   RO         2156    .ARM.Collect$$_printf_percent$$00000005  c_w.l(_printf_g.o)
    0x0800017e   0x0800017e   0x00000006   Code   RO         2157    .ARM.Collect$$_printf_percent$$00000006  c_w.l(_printf_a.o)
    0x08000184   0x08000184   0x0000000a   Code   RO         2162    .ARM.Collect$$_printf_percent$$00000007  c_w.l(_printf_ll.o)
    0x0800018e   0x0800018e   0x00000006   Code   RO         2151    .ARM.Collect$$_printf_percent$$00000008  c_w.l(_printf_i.o)
    0x08000194   0x08000194   0x00000006   Code   RO         2152    .ARM.Collect$$_printf_percent$$00000009  c_w.l(_printf_d.o)
    0x0800019a   0x0800019a   0x00000006   Code   RO         2153    .ARM.Collect$$_printf_percent$$0000000A  c_w.l(_printf_u.o)
    0x080001a0   0x080001a0   0x00000006   Code   RO         2150    .ARM.Collect$$_printf_percent$$0000000B  c_w.l(_printf_o.o)
    0x080001a6   0x080001a6   0x00000006   Code   RO         2148    .ARM.Collect$$_printf_percent$$0000000C  c_w.l(_printf_x.o)
    0x080001ac   0x080001ac   0x00000006   Code   RO         2159    .ARM.Collect$$_printf_percent$$0000000D  c_w.l(_printf_lli.o)
    0x080001b2   0x080001b2   0x00000006   Code   RO         2160    .ARM.Collect$$_printf_percent$$0000000E  c_w.l(_printf_lld.o)
    0x080001b8   0x080001b8   0x00000006   Code   RO         2161    .ARM.Collect$$_printf_percent$$0000000F  c_w.l(_printf_llu.o)
    0x080001be   0x080001be   0x00000006   Code   RO         2166    .ARM.Collect$$_printf_percent$$00000010  c_w.l(_printf_llo.o)
    0x080001c4   0x080001c4   0x00000006   Code   RO         2167    .ARM.Collect$$_printf_percent$$00000011  c_w.l(_printf_llx.o)
    0x080001ca   0x080001ca   0x0000000a   Code   RO         2163    .ARM.Collect$$_printf_percent$$00000012  c_w.l(_printf_l.o)
    0x080001d4   0x080001d4   0x00000006   Code   RO         2145    .ARM.Collect$$_printf_percent$$00000013  c_w.l(_printf_c.o)
    0x080001da   0x080001da   0x00000006   Code   RO         2146    .ARM.Collect$$_printf_percent$$00000014  c_w.l(_printf_s.o)
    0x080001e0   0x080001e0   0x00000006   Code   RO         2164    .ARM.Collect$$_printf_percent$$00000015  c_w.l(_printf_lc.o)
    0x080001e6   0x080001e6   0x00000006   Code   RO         2165    .ARM.Collect$$_printf_percent$$00000016  c_w.l(_printf_ls.o)
    0x080001ec   0x080001ec   0x00000004   Code   RO         2220    .ARM.Collect$$_printf_percent$$00000017  c_w.l(_printf_percent_end.o)
    0x080001f0   0x080001f0   0x00000002   Code   RO         2278    .ARM.Collect$$libinit$$00000000  c_w.l(libinit.o)
    0x080001f2   0x080001f2   0x00000000   Code   RO         2286    .ARM.Collect$$libinit$$00000002  c_w.l(libinit2.o)
    0x080001f2   0x080001f2   0x00000000   Code   RO         2288    .ARM.Collect$$libinit$$00000004  c_w.l(libinit2.o)
    0x080001f2   0x080001f2   0x00000000   Code   RO         2291    .ARM.Collect$$libinit$$0000000A  c_w.l(libinit2.o)
    0x080001f2   0x080001f2   0x00000000   Code   RO         2293    .ARM.Collect$$libinit$$0000000C  c_w.l(libinit2.o)
    0x080001f2   0x080001f2   0x00000000   Code   RO         2295    .ARM.Collect$$libinit$$0000000E  c_w.l(libinit2.o)
    0x080001f2   0x080001f2   0x00000006   Code   RO         2296    .ARM.Collect$$libinit$$0000000F  c_w.l(libinit2.o)
    0x080001f8   0x080001f8   0x00000000   Code   RO         2298    .ARM.Collect$$libinit$$00000011  c_w.l(libinit2.o)
    0x080001f8   0x080001f8   0x0000000c   Code   RO         2299    .ARM.Collect$$libinit$$00000012  c_w.l(libinit2.o)
    0x08000204   0x08000204   0x00000000   Code   RO         2300    .ARM.Collect$$libinit$$00000013  c_w.l(libinit2.o)
    0x08000204   0x08000204   0x00000000   Code   RO         2302    .ARM.Collect$$libinit$$00000015  c_w.l(libinit2.o)
    0x08000204   0x08000204   0x0000000a   Code   RO         2303    .ARM.Collect$$libinit$$00000016  c_w.l(libinit2.o)
    0x0800020e   0x0800020e   0x00000000   Code   RO         2304    .ARM.Collect$$libinit$$00000017  c_w.l(libinit2.o)
    0x0800020e   0x0800020e   0x00000000   Code   RO         2306    .ARM.Collect$$libinit$$00000019  c_w.l(libinit2.o)
    0x0800020e   0x0800020e   0x00000000   Code   RO         2308    .ARM.Collect$$libinit$$0000001B  c_w.l(libinit2.o)
    0x0800020e   0x0800020e   0x00000000   Code   RO         2310    .ARM.Collect$$libinit$$0000001D  c_w.l(libinit2.o)
    0x0800020e   0x0800020e   0x00000000   Code   RO         2312    .ARM.Collect$$libinit$$0000001F  c_w.l(libinit2.o)
    0x0800020e   0x0800020e   0x00000000   Code   RO         2314    .ARM.Collect$$libinit$$00000021  c_w.l(libinit2.o)
    0x0800020e   0x0800020e   0x00000000   Code   RO         2316    .ARM.Collect$$libinit$$00000023  c_w.l(libinit2.o)
    0x0800020e   0x0800020e   0x00000000   Code   RO         2318    .ARM.Collect$$libinit$$00000025  c_w.l(libinit2.o)
    0x0800020e   0x0800020e   0x00000000   Code   RO         2322    .ARM.Collect$$libinit$$0000002C  c_w.l(libinit2.o)
    0x0800020e   0x0800020e   0x00000000   Code   RO         2324    .ARM.Collect$$libinit$$0000002E  c_w.l(libinit2.o)
    0x0800020e   0x0800020e   0x00000000   Code   RO         2326    .ARM.Collect$$libinit$$00000030  c_w.l(libinit2.o)
    0x0800020e   0x0800020e   0x00000000   Code   RO         2328    .ARM.Collect$$libinit$$00000032  c_w.l(libinit2.o)
    0x0800020e   0x0800020e   0x00000002   Code   RO         2329    .ARM.Collect$$libinit$$00000033  c_w.l(libinit2.o)
    0x08000210   0x08000210   0x00000002   Code   RO         2349    .ARM.Collect$$libshutdown$$00000000  c_w.l(libshutdown.o)
    0x08000212   0x08000212   0x00000000   Code   RO         2362    .ARM.Collect$$libshutdown$$00000002  c_w.l(libshutdown2.o)
    0x08000212   0x08000212   0x00000000   Code   RO         2364    .ARM.Collect$$libshutdown$$00000004  c_w.l(libshutdown2.o)
    0x08000212   0x08000212   0x00000000   Code   RO         2367    .ARM.Collect$$libshutdown$$00000007  c_w.l(libshutdown2.o)
    0x08000212   0x08000212   0x00000000   Code   RO         2370    .ARM.Collect$$libshutdown$$0000000A  c_w.l(libshutdown2.o)
    0x08000212   0x08000212   0x00000000   Code   RO         2372    .ARM.Collect$$libshutdown$$0000000C  c_w.l(libshutdown2.o)
    0x08000212   0x08000212   0x00000000   Code   RO         2375    .ARM.Collect$$libshutdown$$0000000F  c_w.l(libshutdown2.o)
    0x08000212   0x08000212   0x00000002   Code   RO         2376    .ARM.Collect$$libshutdown$$00000010  c_w.l(libshutdown2.o)
    0x08000214   0x08000214   0x00000000   Code   RO         2071    .ARM.Collect$$rtentry$$00000000  c_w.l(__rtentry.o)
    0x08000214   0x08000214   0x00000000   Code   RO         2189    .ARM.Collect$$rtentry$$00000002  c_w.l(__rtentry2.o)
    0x08000214   0x08000214   0x00000006   Code   RO         2201    .ARM.Collect$$rtentry$$00000004  c_w.l(__rtentry4.o)
    0x0800021a   0x0800021a   0x00000000   Code   RO         2191    .ARM.Collect$$rtentry$$00000009  c_w.l(__rtentry2.o)
    0x0800021a   0x0800021a   0x00000004   Code   RO         2192    .ARM.Collect$$rtentry$$0000000A  c_w.l(__rtentry2.o)
    0x0800021e   0x0800021e   0x00000000   Code   RO         2194    .ARM.Collect$$rtentry$$0000000C  c_w.l(__rtentry2.o)
    0x0800021e   0x0800021e   0x00000008   Code   RO         2195    .ARM.Collect$$rtentry$$0000000D  c_w.l(__rtentry2.o)
    0x08000226   0x08000226   0x00000002   Code   RO         2283    .ARM.Collect$$rtexit$$00000000  c_w.l(rtexit.o)
    0x08000228   0x08000228   0x00000000   Code   RO         2331    .ARM.Collect$$rtexit$$00000002  c_w.l(rtexit2.o)
    0x08000228   0x08000228   0x00000004   Code   RO         2332    .ARM.Collect$$rtexit$$00000003  c_w.l(rtexit2.o)
    0x0800022c   0x0800022c   0x00000006   Code   RO         2333    .ARM.Collect$$rtexit$$00000004  c_w.l(rtexit2.o)
    0x08000232   0x08000232   0x00000002   PAD
    0x08000234   0x08000234   0x00000040   Code   RO            4    .text               startup_stm32f103xb.o
    0x08000274   0x08000274   0x00000024   Code   RO         2052    .text               c_w.l(vsprintf.o)
    0x08000298   0x08000298   0x0000001a   Code   RO         2054    .text               c_w.l(atoi.o)
    0x080002b2   0x080002b2   0x00000002   PAD
    0x080002b4   0x080002b4   0x0000000c   Code   RO         2056    .text               c_w.l(strtok.o)
    0x080002c0   0x080002c0   0x0000003e   Code   RO         2059    .text               c_w.l(strlen.o)
    0x080002fe   0x080002fe   0x0000004e   Code   RO         2061    .text               c_w.l(rt_memclr_w.o)
    0x0800034c   0x0800034c   0x00000080   Code   RO         2063    .text               c_w.l(strcmpv7m.o)
    0x080003cc   0x080003cc   0x00000006   Code   RO         2065    .text               c_w.l(heapauxi.o)
    0x080003d2   0x080003d2   0x00000002   PAD
    0x080003d4   0x080003d4   0x00000008   Code   RO         2075    .text               c_w.l(rt_errno_addr_intlibspace.o)
    0x080003dc   0x080003dc   0x0000004e   Code   RO         2079    .text               c_w.l(_printf_pad.o)
    0x0800042a   0x0800042a   0x00000024   Code   RO         2081    .text               c_w.l(_printf_truncate.o)
    0x0800044e   0x0800044e   0x00000052   Code   RO         2083    .text               c_w.l(_printf_str.o)
    0x080004a0   0x080004a0   0x00000078   Code   RO         2085    .text               c_w.l(_printf_dec.o)
    0x08000518   0x08000518   0x00000028   Code   RO         2087    .text               c_w.l(_printf_charcount.o)
    0x08000540   0x08000540   0x00000030   Code   RO         2089    .text               c_w.l(_printf_char_common.o)
    0x08000570   0x08000570   0x0000000a   Code   RO         2091    .text               c_w.l(_sputc.o)
    0x0800057a   0x0800057a   0x00000002   PAD
    0x0800057c   0x0800057c   0x000000bc   Code   RO         2093    .text               c_w.l(_printf_wctomb.o)
    0x08000638   0x08000638   0x0000007c   Code   RO         2096    .text               c_w.l(_printf_longlong_dec.o)
    0x080006b4   0x080006b4   0x00000070   Code   RO         2102    .text               c_w.l(_printf_oct_int_ll.o)
    0x08000724   0x08000724   0x00000094   Code   RO         2122    .text               c_w.l(_printf_hex_int_ll_ptr.o)
    0x080007b8   0x080007b8   0x00000188   Code   RO         2142    .text               c_w.l(__printf_flags_ss_wp.o)
    0x08000940   0x08000940   0x00000070   Code   RO         2168    .text               c_w.l(strtol.o)
    0x080009b0   0x080009b0   0x00000044   Code   RO         2170    .text               c_w.l(strtok_int.o)
    0x080009f4   0x080009f4   0x00000008   Code   RO         2185    .text               c_w.l(libspace.o)
    0x080009fc   0x080009fc   0x00000010   Code   RO         2203    .text               c_w.l(rt_ctype_table.o)
    0x08000a0c   0x08000a0c   0x0000008a   Code   RO         2205    .text               c_w.l(lludiv10.o)
    0x08000a96   0x08000a96   0x000000b2   Code   RO         2207    .text               c_w.l(_printf_intcommon.o)
    0x08000b48   0x08000b48   0x0000041e   Code   RO         2209    .text               c_w.l(_printf_fp_dec.o)
    0x08000f66   0x08000f66   0x00000002   PAD
    0x08000f68   0x08000f68   0x000002fc   Code   RO         2211    .text               c_w.l(_printf_fp_hex.o)
    0x08001264   0x08001264   0x0000002c   Code   RO         2216    .text               c_w.l(_printf_char.o)
    0x08001290   0x08001290   0x0000002c   Code   RO         2218    .text               c_w.l(_printf_wchar.o)
    0x080012bc   0x080012bc   0x0000009e   Code   RO         2221    .text               c_w.l(_strtoul.o)
    0x0800135a   0x0800135a   0x00000040   Code   RO         2223    .text               c_w.l(_wcrtomb.o)
    0x0800139a   0x0800139a   0x00000020   Code   RO         2225    .text               c_w.l(strcspn.o)
    0x080013ba   0x080013ba   0x0000001c   Code   RO         2227    .text               c_w.l(strspn.o)
    0x080013d6   0x080013d6   0x0000004a   Code   RO         2229    .text               c_w.l(sys_stackheap_outer.o)
    0x08001420   0x08001420   0x00000008   Code   RO         2234    .text               c_w.l(rt_locale_intlibspace.o)
    0x08001428   0x08001428   0x00000080   Code   RO         2236    .text               c_w.l(_printf_fp_infnan.o)
    0x080014a8   0x080014a8   0x0000001c   Code   RO         2238    .text               c_w.l(_chval.o)
    0x080014c4   0x080014c4   0x000000e4   Code   RO         2240    .text               c_w.l(bigflt0.o)
    0x080015a8   0x080015a8   0x00000012   Code   RO         2271    .text               c_w.l(exit.o)
    0x080015ba   0x080015ba   0x00000002   PAD
    0x080015bc   0x080015bc   0x0000000c   Code   RO         2341    .text               c_w.l(sys_exit.o)
    0x080015c8   0x080015c8   0x00000002   Code   RO         2352    .text               c_w.l(use_no_semi.o)
    0x080015ca   0x080015ca   0x00000000   Code   RO         2354    .text               c_w.l(indicate_semi.o)
    0x080015ca   0x080015ca   0x0000003e   Code   RO         2243    CL$$btod_d2e        c_w.l(btod.o)
    0x08001608   0x08001608   0x00000046   Code   RO         2245    CL$$btod_d2e_denorm_low  c_w.l(btod.o)
    0x0800164e   0x0800164e   0x00000060   Code   RO         2244    CL$$btod_d2e_norm_op1  c_w.l(btod.o)
    0x080016ae   0x080016ae   0x00000338   Code   RO         2253    CL$$btod_div_common  c_w.l(btod.o)
    0x080019e6   0x080019e6   0x000000dc   Code   RO         2250    CL$$btod_e2e        c_w.l(btod.o)
    0x08001ac2   0x08001ac2   0x0000002a   Code   RO         2247    CL$$btod_ediv       c_w.l(btod.o)
    0x08001aec   0x08001aec   0x0000002a   Code   RO         2246    CL$$btod_emul       c_w.l(btod.o)
    0x08001b16   0x08001b16   0x00000244   Code   RO         2252    CL$$btod_mult_common  c_w.l(btod.o)
    0x08001d5a   0x08001d5a   0x00000002   Code   RO          150    i.BusFault_Handler  stm32f1xx_it.o
    0x08001d5c   0x08001d5c   0x00000002   Code   RO          151    i.DebugMon_Handler  stm32f1xx_it.o
    0x08001d5e   0x08001d5e   0x00000046   Code   RO         1076    i.HAL_DMA_Abort     stm32f1xx_hal_dma.o
    0x08001da4   0x08001da4   0x00000098   Code   RO         1077    i.HAL_DMA_Abort_IT  stm32f1xx_hal_dma.o
    0x08001e3c   0x08001e3c   0x000001e0   Code   RO         1012    i.HAL_GPIO_Init     stm32f1xx_hal_gpio.o
    0x0800201c   0x0800201c   0x0000000a   Code   RO         1016    i.HAL_GPIO_WritePin  stm32f1xx_hal_gpio.o
    0x08002026   0x08002026   0x00000002   PAD
    0x08002028   0x08002028   0x0000000c   Code   RO          708    i.HAL_GetTick       stm32f1xx_hal.o
    0x08002034   0x08002034   0x00000010   Code   RO          714    i.HAL_IncTick       stm32f1xx_hal.o
    0x08002044   0x08002044   0x00000024   Code   RO          715    i.HAL_Init          stm32f1xx_hal.o
    0x08002068   0x08002068   0x00000040   Code   RO          716    i.HAL_InitTick      stm32f1xx_hal.o
    0x080020a8   0x080020a8   0x0000003c   Code   RO          232    i.HAL_MspInit       stm32f1xx_hal_msp.o
    0x080020e4   0x080020e4   0x0000001a   Code   RO         1172    i.HAL_NVIC_EnableIRQ  stm32f1xx_hal_cortex.o
    0x080020fe   0x080020fe   0x00000002   PAD
    0x08002100   0x08002100   0x00000040   Code   RO         1178    i.HAL_NVIC_SetPriority  stm32f1xx_hal_cortex.o
    0x08002140   0x08002140   0x00000024   Code   RO         1179    i.HAL_NVIC_SetPriorityGrouping  stm32f1xx_hal_cortex.o
    0x08002164   0x08002164   0x0000012c   Code   RO          872    i.HAL_RCC_ClockConfig  stm32f1xx_hal_rcc.o
    0x08002290   0x08002290   0x00000020   Code   RO          879    i.HAL_RCC_GetPCLK1Freq  stm32f1xx_hal_rcc.o
    0x080022b0   0x080022b0   0x00000020   Code   RO          880    i.HAL_RCC_GetPCLK2Freq  stm32f1xx_hal_rcc.o
    0x080022d0   0x080022d0   0x0000006c   Code   RO          881    i.HAL_RCC_GetSysClockFreq  stm32f1xx_hal_rcc.o
    0x0800233c   0x0800233c   0x00000320   Code   RO          884    i.HAL_RCC_OscConfig  stm32f1xx_hal_rcc.o
    0x0800265c   0x0800265c   0x00000028   Code   RO         1183    i.HAL_SYSTICK_Config  stm32f1xx_hal_cortex.o
    0x08002684   0x08002684   0x00000002   Code   RO          351    i.HAL_UARTEx_RxEventCallback  stm32f1xx_hal_uart.o
    0x08002686   0x08002686   0x00000002   Code   RO          365    i.HAL_UART_ErrorCallback  stm32f1xx_hal_uart.o
    0x08002688   0x08002688   0x0000020c   Code   RO          368    i.HAL_UART_IRQHandler  stm32f1xx_hal_uart.o
    0x08002894   0x08002894   0x00000062   Code   RO          369    i.HAL_UART_Init     stm32f1xx_hal_uart.o
    0x080028f6   0x080028f6   0x00000002   PAD
    0x080028f8   0x080028f8   0x00000080   Code   RO          234    i.HAL_UART_MspInit  stm32f1xx_hal_msp.o
    0x08002978   0x08002978   0x0000002a   Code   RO          374    i.HAL_UART_Receive_IT  stm32f1xx_hal_uart.o
    0x080029a2   0x080029a2   0x00000002   PAD
    0x080029a4   0x080029a4   0x0000002c   Code   RO           14    i.HAL_UART_RxCpltCallback  main.o
    0x080029d0   0x080029d0   0x000000b2   Code   RO          377    i.HAL_UART_Transmit  stm32f1xx_hal_uart.o
    0x08002a82   0x08002a82   0x00000002   Code   RO          380    i.HAL_UART_TxCpltCallback  stm32f1xx_hal_uart.o
    0x08002a84   0x08002a84   0x00000002   Code   RO          152    i.HardFault_Handler  stm32f1xx_it.o
    0x08002a86   0x08002a86   0x00000002   PAD
    0x08002a88   0x08002a88   0x00000020   Code   RO         1849    i.LM35_Gettemp      lm35.o
    0x08002aa8   0x08002aa8   0x00000002   Code   RO          153    i.MemManage_Handler  stm32f1xx_it.o
    0x08002aaa   0x08002aaa   0x00000002   Code   RO          154    i.NMI_Handler       stm32f1xx_it.o
    0x08002aac   0x08002aac   0x00000002   Code   RO          155    i.PendSV_Handler    stm32f1xx_it.o
    0x08002aae   0x08002aae   0x00000002   Code   RO          156    i.SVC_Handler       stm32f1xx_it.o
    0x08002ab0   0x08002ab0   0x00000004   Code   RO          157    i.SysTick_Handler   stm32f1xx_it.o
    0x08002ab4   0x08002ab4   0x0000005c   Code   RO           15    i.SystemClock_Config  main.o
    0x08002b10   0x08002b10   0x00000002   Code   RO         1673    i.SystemInit        system_stm32f1xx.o
    0x08002b12   0x08002b12   0x00000010   Code   RO          382    i.UART_DMAAbortOnError  stm32f1xx_hal_uart.o
    0x08002b22   0x08002b22   0x00000030   Code   RO          392    i.UART_EndRxTransfer  stm32f1xx_hal_uart.o
    0x08002b52   0x08002b52   0x000000b6   Code   RO          394    i.UART_Receive_IT   stm32f1xx_hal_uart.o
    0x08002c08   0x08002c08   0x000000b8   Code   RO          395    i.UART_SetConfig    stm32f1xx_hal_uart.o
    0x08002cc0   0x08002cc0   0x00000036   Code   RO          397    i.UART_Start_Receive_IT  stm32f1xx_hal_uart.o
    0x08002cf6   0x08002cf6   0x00000064   Code   RO          398    i.UART_WaitOnFlagUntilTimeout  stm32f1xx_hal_uart.o
    0x08002d5a   0x08002d5a   0x00000002   PAD
    0x08002d5c   0x08002d5c   0x0000000c   Code   RO          158    i.USART1_IRQHandler  stm32f1xx_it.o
    0x08002d68   0x08002d68   0x00000002   Code   RO          159    i.UsageFault_Handler  stm32f1xx_it.o
    0x08002d6a   0x08002d6a   0x00000028   Code   RO         2281    i.__ARM_fpclassify  m_ws.l(fpclassify.o)
    0x08002d92   0x08002d92   0x00000020   Code   RO         1185    i.__NVIC_SetPriority  stm32f1xx_hal_cortex.o
    0x08002db2   0x08002db2   0x0000000e   Code   RO         2135    i._is_digit         c_w.l(__printf_wp.o)
    0x08002dc0   0x08002dc0   0x00000010   Code   RO         1977    i.app_led_blink_all  app_led.o
    0x08002dd0   0x08002dd0   0x00000050   Code   RO         1978    i.app_led_excute    app_led.o
    0x08002e20   0x08002e20   0x00000028   Code   RO         1979    i.app_led_handle    app_led.o
    0x08002e48   0x08002e48   0x00000010   Code   RO         1980    i.app_led_init      app_led.o
    0x08002e58   0x08002e58   0x00000018   Code   RO         1981    i.app_led_light_up  app_led.o
    0x08002e70   0x08002e70   0x00000060   Code   RO         1864    i.cli_command_excute  cli_command.o
    0x08002ed0   0x08002ed0   0x00000034   Code   RO         1865    i.find_command_entry  cli_command.o
    0x08002f04   0x08002f04   0x0000007c   Code   RO         1744    i.gettempearture    gettemperature_ci.o
    0x08002f80   0x08002f80   0x00000002   Code   RO         1932    i.led_driver_init   led_driver.o
    0x08002f82   0x08002f82   0x00000002   PAD
    0x08002f84   0x08002f84   0x000000a0   Code   RO           16    i.main              main.o
    0x08003024   0x08003024   0x0000002c   Code   RO         1707    i.receive_data      uart.o
    0x08003050   0x08003050   0x0000000c   Code   RO         1810    i.response_init     response_ci.o
    0x0800305c   0x0800305c   0x00000030   Code   RO         1811    i.response_print    response_ci.o
    0x0800308c   0x0800308c   0x00000002   Code   RO         1777    i.setTempeartureMax  settemperature_ci.o
    0x0800308e   0x0800308e   0x00000018   Code   RO         1933    i.set_all_led       led_driver.o
    0x080030a6   0x080030a6   0x00000002   PAD
    0x080030a8   0x080030a8   0x00000040   Code   RO         2027    i.set_effect_led    effect_led_ci.o
    0x080030e8   0x080030e8   0x00000014   Code   RO         1934    i.set_led           led_driver.o
    0x080030fc   0x080030fc   0x00000024   Code   RO         1708    i.uart_handle       uart.o
    0x08003120   0x08003120   0x0000002c   Code   RO         2266    locale$$code        c_w.l(lc_ctype_c.o)
    0x0800314c   0x0800314c   0x0000002c   Code   RO         2269    locale$$code        c_w.l(lc_numeric_c.o)
    0x08003178   0x08003178   0x0000000c   Code   RO         2172    x$fpl$dretinf       fz_ws.l(dretinf.o)
    0x08003184   0x08003184   0x00000056   Code   RO         2069    x$fpl$f2d           fz_ws.l(f2d.o)
    0x080031da   0x080031da   0x0000008c   Code   RO         2174    x$fpl$fnaninf       fz_ws.l(fnaninf.o)
    0x08003266   0x08003266   0x00000004   Code   RO         2176    x$fpl$printf1       fz_ws.l(printf1.o)
    0x0800326a   0x0800326a   0x00000004   Code   RO         2178    x$fpl$printf2       fz_ws.l(printf2.o)
    0x0800326e   0x0800326e   0x00000000   Code   RO         2184    x$fpl$usenofp       fz_ws.l(usenofp.o)
    0x0800326e   0x0800326e   0x00000010   Data   RO         1674    .constdata          system_stm32f1xx.o
    0x0800327e   0x0800327e   0x00000008   Data   RO         1675    .constdata          system_stm32f1xx.o
    0x08003286   0x08003286   0x00000002   PAD
    0x08003288   0x08003288   0x00000008   Data   RO         1901    .constdata          cli_command_table.o
    0x08003290   0x08003290   0x00000008   Data   RO         1902    .constdata          cli_command_table.o
    0x08003298   0x08003298   0x00000008   Data   RO         1903    .constdata          cli_command_table.o
    0x080032a0   0x080032a0   0x00000020   Data   RO         1904    .constdata          cli_command_table.o
    0x080032c0   0x080032c0   0x00000008   Data   RO         2094    .constdata          c_w.l(_printf_wctomb.o)
    0x080032c8   0x080032c8   0x00000028   Data   RO         2123    .constdata          c_w.l(_printf_hex_int_ll_ptr.o)
    0x080032f0   0x080032f0   0x00000011   Data   RO         2143    .constdata          c_w.l(__printf_flags_ss_wp.o)
    0x08003301   0x08003301   0x00000026   Data   RO         2212    .constdata          c_w.l(_printf_fp_hex.o)
    0x08003327   0x08003327   0x00000001   PAD
    0x08003328   0x08003328   0x00000094   Data   RO         2241    .constdata          c_w.l(bigflt0.o)
    0x080033bc   0x080033bc   0x00000013   Data   RO         1905    .conststring        cli_command_table.o
    0x080033cf   0x080033cf   0x00000001   PAD
    0x080033d0   0x080033d0   0x0000000d   Data   RO         1906    .conststring        cli_command_table.o
    0x080033dd   0x080033dd   0x00000003   PAD
    0x080033e0   0x080033e0   0x00000012   Data   RO         1907    .conststring        cli_command_table.o
    0x080033f2   0x080033f2   0x00000002   PAD
    0x080033f4   0x080033f4   0x00000023   Data   RO         1908    .conststring        cli_command_table.o
    0x08003417   0x08003417   0x00000001   PAD
    0x08003418   0x08003418   0x00000020   Data   RO         2407    Region$$Table       anon$$obj.o
    0x08003438   0x08003438   0x00000110   Data   RO         2265    locale$$data        c_w.l(lc_ctype_c.o)
    0x08003548   0x08003548   0x0000001c   Data   RO         2268    locale$$data        c_w.l(lc_numeric_c.o)


    Execution Region RW_IRAM1 (Exec base: 0x20000000, Load base: 0x08003564, Size: 0x00000738, Max: 0x00005000, ABSOLUTE)

    Exec Addr    Load Addr    Size         Type   Attr      Idx    E Section Name        Object

    0x20000000   0x08003564   0x00000001   Data   RW           18    .data               main.o
    0x20000001   0x08003565   0x00000003   PAD
    0x20000004   0x08003568   0x0000000c   Data   RW          722    .data               stm32f1xx_hal.o
    0x20000010   0x08003574   0x00000004   Data   RW         1676    .data               system_stm32f1xx.o
    0x20000014   0x08003578   0x00000002   Data   RW         1711    .data               uart.o
    0x20000016   0x0800357a   0x00000002   PAD
    0x20000018   0x0800357c   0x00000004   Data   RW         1812    .data               response_ci.o
    0x2000001c   0x08003580   0x00000004   Data   RW         2057    .data               c_w.l(strtok.o)
    0x20000020        -       0x00000044   Zero   RW           17    .bss                main.o
    0x20000064        -       0x00000064   Zero   RW         1710    .bss                uart.o
    0x200000c8        -       0x00000010   Zero   RW         1982    .bss                app_led.o
    0x200000d8        -       0x00000060   Zero   RW         2186    .bss                c_w.l(libspace.o)
    0x20000138        -       0x00000200   Zero   RW            2    HEAP                startup_stm32f103xb.o
    0x20000338        -       0x00000400   Zero   RW            1    STACK               startup_stm32f103xb.o


==============================================================================

Image component sizes


      Code (inc. data)   RO Data    RW Data    ZI Data      Debug   Object Name

       176         26          0          0         16       3196   app_led.o
       148         36          0          0          0       2476   cli_command.o
         0          0        141          0          0        889   cli_command_table.o
        64          6          0          0          0        717   effect_led_ci.o
       124         72          0          0          0        653   gettemperature_ci.o
        46          4          0          0          0       1806   led_driver.o
        32         14          0          0          0        587   lm35.o
       296         30          0          1         68     395943   main.o
        60         12          0          4          0       2245   response_ci.o
         2          0          0          0          0        488   settemperature_ci.o
        64         26        236          0       1536        828   startup_stm32f103xb.o
       128         24          0         12          0       5425   stm32f1xx_hal.o
       198         14          0          0          0      29043   stm32f1xx_hal_cortex.o
       222          4          0          0          0       1823   stm32f1xx_hal_dma.o
       490         34          0          0          0       2940   stm32f1xx_hal_gpio.o
       188         20          0          0          0       1625   stm32f1xx_hal_msp.o
      1272        100          0          0          0       5300   stm32f1xx_hal_rcc.o
      1432         10          0          0          0      10772   stm32f1xx_hal_uart.o
        32          6          0          0          0       4486   stm32f1xx_it.o
         2          0         24          4          0       1167   system_stm32f1xx.o
        80         20          0          2        100       1651   uart.o

    ----------------------------------------------------------------------
      5072        458        442         28       1720     474060   Object Totals
         0          0         32          0          0          0   (incl. Generated)
        16          0          9          5          0          0   (incl. Padding)

    ----------------------------------------------------------------------

      Code (inc. data)   RO Data    RW Data    ZI Data      Debug   Library Member Name

         8          0          0          0          0         68   __main.o
       392          4         17          0          0         92   __printf_flags_ss_wp.o
        14          0          0          0          0         68   __printf_wp.o
         0          0          0          0          0          0   __rtentry.o
        12          0          0          0          0          0   __rtentry2.o
         6          0          0          0          0          0   __rtentry4.o
        52          8          0          0          0          0   __scatter.o
        26          0          0          0          0          0   __scatter_copy.o
        28          0          0          0          0          0   __scatter_zi.o
        28          0          0          0          0         68   _chval.o
         6          0          0          0          0          0   _printf_a.o
         6          0          0          0          0          0   _printf_c.o
        44          0          0          0          0        108   _printf_char.o
        48          6          0          0          0         96   _printf_char_common.o
        40          0          0          0          0         68   _printf_charcount.o
         6          0          0          0          0          0   _printf_d.o
       120         16          0          0          0         92   _printf_dec.o
         6          0          0          0          0          0   _printf_e.o
         6          0          0          0          0          0   _printf_f.o
      1054          0          0          0          0        216   _printf_fp_dec.o
       764          8         38          0          0        100   _printf_fp_hex.o
       128         16          0          0          0         84   _printf_fp_infnan.o
         6          0          0          0          0          0   _printf_g.o
       148          4         40          0          0        160   _printf_hex_int_ll_ptr.o
         6          0          0          0          0          0   _printf_i.o
       178          0          0          0          0         88   _printf_intcommon.o
        10          0          0          0          0          0   _printf_l.o
         6          0          0          0          0          0   _printf_lc.o
        10          0          0          0          0          0   _printf_ll.o
         6          0          0          0          0          0   _printf_lld.o
         6          0          0          0          0          0   _printf_lli.o
         6          0          0          0          0          0   _printf_llo.o
         6          0          0          0          0          0   _printf_llu.o
         6          0          0          0          0          0   _printf_llx.o
       124         16          0          0          0         92   _printf_longlong_dec.o
         6          0          0          0          0          0   _printf_ls.o
         6          0          0          0          0          0   _printf_n.o
         6          0          0          0          0          0   _printf_o.o
       112         10          0          0          0        124   _printf_oct_int_ll.o
         6          0          0          0          0          0   _printf_p.o
        78          0          0          0          0        108   _printf_pad.o
         0          0          0          0          0          0   _printf_percent.o
         4          0          0          0          0          0   _printf_percent_end.o
         6          0          0          0          0          0   _printf_s.o
        82          0          0          0          0         80   _printf_str.o
        36          0          0          0          0         84   _printf_truncate.o
         6          0          0          0          0          0   _printf_u.o
        44          0          0          0          0        108   _printf_wchar.o
       188          6          8          0          0         92   _printf_wctomb.o
         6          0          0          0          0          0   _printf_x.o
        10          0          0          0          0         68   _sputc.o
       158          0          0          0          0         92   _strtoul.o
        64          0          0          0          0         92   _wcrtomb.o
        26          0          0          0          0         80   atoi.o
       228          4        148          0          0         96   bigflt0.o
      1936        128          0          0          0        672   btod.o
        18          0          0          0          0         80   exit.o
         6          0          0          0          0        152   heapauxi.o
         0          0          0          0          0          0   indicate_semi.o
        44         10        272          0          0         76   lc_ctype_c.o
        44         10         28          0          0         76   lc_numeric_c.o
         2          0          0          0          0          0   libinit.o
        30          0          0          0          0          0   libinit2.o
         2          0          0          0          0          0   libshutdown.o
         2          0          0          0          0          0   libshutdown2.o
         8          4          0          0         96         68   libspace.o
       138          0          0          0          0         80   lludiv10.o
        16          4          0          0          0         76   rt_ctype_table.o
         8          4          0          0          0         68   rt_errno_addr_intlibspace.o
         8          4          0          0          0         68   rt_locale_intlibspace.o
        78          0          0          0          0         80   rt_memclr_w.o
         2          0          0          0          0          0   rtexit.o
        10          0          0          0          0          0   rtexit2.o
       128          0          0          0          0         68   strcmpv7m.o
        32          0          0          0          0         80   strcspn.o
        62          0          0          0          0         76   strlen.o
        28          0          0          0          0         80   strspn.o
        12          6          0          4          0         68   strtok.o
        68          4          0          0          0         84   strtok_int.o
       112          0          0          0          0         88   strtol.o
        12          4          0          0          0         68   sys_exit.o
        74          0          0          0          0         80   sys_stackheap_outer.o
         2          0          0          0          0         68   use_no_semi.o
        36          4          0          0          0         76   vsprintf.o
        12          0          0          0          0         68   dretinf.o
        86          4          0          0          0         84   f2d.o
       140          4          0          0          0         84   fnaninf.o
         4          0          0          0          0         68   printf1.o
         4          0          0          0          0         68   printf2.o
         0          0          0          0          0          0   usenofp.o
        40          0          0          0          0         68   fpclassify.o

    ----------------------------------------------------------------------
      7602        288        552          4         96       5196   Library Totals
        14          0          1          0          0          0   (incl. Padding)

    ----------------------------------------------------------------------

      Code (inc. data)   RO Data    RW Data    ZI Data      Debug   Library Name

      7302        280        551          4         96       4756   c_w.l
       246          8          0          0          0        372   fz_ws.l
        40          0          0          0          0         68   m_ws.l

    ----------------------------------------------------------------------
      7602        288        552          4         96       5196   Library Totals

    ----------------------------------------------------------------------

==============================================================================


      Code (inc. data)   RO Data    RW Data    ZI Data      Debug   

     12674        746        994         32       1816     473168   Grand Totals
     12674        746        994         32       1816     473168   ELF Image Totals
     12674        746        994         32          0          0   ROM Totals

==============================================================================

    Total RO  Size (Code + RO Data)                13668 (  13.35kB)
    Total RW  Size (RW Data + ZI Data)              1848 (   1.80kB)
    Total ROM Size (Code + RO Data + RW Data)      13700 (  13.38kB)

==============================================================================

